
Memory Configuration

Name             Origin             Length             Attributes
ICCM             0x0000000080000000 0x0000000000040000 axw !rl
*default*        0x0000000000000000 0xffffffffffffffff

Linker script and memory map

LOAD /tmp/cci6wVWE.o
LOAD /opt/riscv-gnu-toolchain_20221011_rv32im/lib/gcc/riscv32-unknown-elf/12.2.0/../../../../riscv32-unknown-elf/lib/libm.a
LOAD /opt/riscv-gnu-toolchain_20221011_rv32im/lib/gcc/riscv32-unknown-elf/12.2.0/libgcc.a
                0x0000000000008000                __stack_size = DEFINED (__stack_size)?__stack_size:0x8000

.text.init      0x0000000080000000     0xa808
 *(.text.init)
 .text.init     0x0000000080000000     0xa808 /tmp/cci6wVWE.o
                0x0000000080000000                _start
                0x000000008000a808                . = ALIGN (0x4)

.text           0x000000008000a808        0x0
 *(.text.unlikely .text.unlikely.*)
 *(.text.startup .text.startup.*)
 *(.text .text.*)
 .text          0x000000008000a808        0x0 /tmp/cci6wVWE.o
 *(.gnu.linkonce.t.*)
                0x000000008000a808                . = ALIGN (0x4)

.rodata         0x000000008000a808        0x0
 *(.rdata)
 *(.rodata .rodata.*)
 *(.gnu.linkonce.r.*)
                0x000000008000a808                . = ALIGN (0x4)

.data           0x000000008000a808        0x0
 *(.data .data.*)
 .data          0x000000008000a808        0x0 /tmp/cci6wVWE.o
 *(.gnu.linkonce.d.*)
                0x000000008000a808                . = ALIGN (0x4)

.sdata          0x000000008000a808        0x0
                0x000000008000a808                . = ALIGN (0x4)
                0x000000008000b008                __global_pointer$ = (. + 0x800)
 *(.sdata .sdata.*)
 *(.gnu.linkonce.s.*)
                0x000000008000a808                . = ALIGN (0x4)
 *(.srodata .srodata.*)
                0x000000008000a808                . = ALIGN (0x4)
                0x000000008000a808                __bss_start = .

.sbss           0x000000008000a808        0x0
 *(.sbss .sbss.* .gnu.linkonce.sb.*)
 *(.scommon)
                0x000000008000a808                . = ALIGN (0x4)

.bss            0x000000008000a808        0x0
 *(.bss)
 .bss           0x000000008000a808        0x0 /tmp/cci6wVWE.o
                0x000000008000a808                . = ALIGN (0x4)
                0x000000008000a808                _end = .

.stack          0x000000008000a808     0x8000
                0x000000008000a808                _heap_end = .
                0x0000000080012808                . = (. + __stack_size)
 *fill*         0x000000008000a808     0x8000 
                0x0000000080012808                _sp = .
                0x0000000080012808                __bss_end = .
OUTPUT(build_12_2/ipc_test3_12_2.elf elf32-littleriscv)

.riscv.attributes
                0x0000000000000000       0x23
 .riscv.attributes
                0x0000000000000000       0x23 /tmp/cci6wVWE.o

.debug_line     0x0000000000000000     0xfc4c
 .debug_line    0x0000000000000000     0xfc4c /tmp/cci6wVWE.o

.debug_line_str
                0x0000000000000000       0x5c
 .debug_line_str
                0x0000000000000000       0x5c /tmp/cci6wVWE.o

.debug_info     0x0000000000000000       0x26
 .debug_info    0x0000000000000000       0x26 /tmp/cci6wVWE.o

.debug_abbrev   0x0000000000000000       0x14
 .debug_abbrev  0x0000000000000000       0x14 /tmp/cci6wVWE.o

.debug_aranges  0x0000000000000000       0x20
 .debug_aranges
                0x0000000000000000       0x20 /tmp/cci6wVWE.o

.debug_str      0x0000000000000000       0x68
 .debug_str     0x0000000000000000       0x68 /tmp/cci6wVWE.o
