Archive member included to satisfy reference by file (symbol)

/opt/riscv-gnu-toolchain_20221011_rv32im/lib/gcc/riscv32-unknown-elf/12.2.0/libgcc.a(_moddi3.o)
                              /tmp/ccEfiNGr.o (__moddi3)
/opt/riscv-gnu-toolchain_20221011_rv32im/lib/gcc/riscv32-unknown-elf/12.2.0/libgcc.a(_udivdi3.o)
                              /tmp/ccEfiNGr.o (__udivdi3)
/opt/riscv-gnu-toolchain_20221011_rv32im/lib/gcc/riscv32-unknown-elf/12.2.0/libgcc.a(_umoddi3.o)
                              /tmp/ccEfiNGr.o (__umoddi3)
/opt/riscv-gnu-toolchain_20221011_rv32im/lib/gcc/riscv32-unknown-elf/12.2.0/libgcc.a(_clz.o)
                              /opt/riscv-gnu-toolchain_20221011_rv32im/lib/gcc/riscv32-unknown-elf/12.2.0/libgcc.a(_moddi3.o) (__clz_tab)
/opt/riscv-gnu-toolchain_20221011_rv32im/lib/gcc/riscv32-unknown-elf/12.2.0/../../../../riscv32-unknown-elf/lib/libc.a(lib_a-strcmp.o)
                              /tmp/ccz95uMu.o (strcmp)

Memory Configuration

Name             Origin             Length             Attributes
ICCM             0x0000000080000000 0x0000000000040000 axw !rl
*default*        0x0000000000000000 0xffffffffffffffff

Linker script and memory map

LOAD /tmp/ccpxFzYu.o
LOAD /tmp/ccz95uMu.o
LOAD /tmp/ccEfiNGr.o
LOAD /tmp/ccb7bdBt.o
LOAD /opt/riscv-gnu-toolchain_20221011_rv32im/lib/gcc/riscv32-unknown-elf/12.2.0/../../../../riscv32-unknown-elf/lib/libm.a
LOAD /opt/riscv-gnu-toolchain_20221011_rv32im/lib/gcc/riscv32-unknown-elf/12.2.0/libgcc.a
LOAD /opt/riscv-gnu-toolchain_20221011_rv32im/lib/gcc/riscv32-unknown-elf/12.2.0/libgcc.a
START GROUP
LOAD /opt/riscv-gnu-toolchain_20221011_rv32im/lib/gcc/riscv32-unknown-elf/12.2.0/../../../../riscv32-unknown-elf/lib/libc.a
LOAD /opt/riscv-gnu-toolchain_20221011_rv32im/lib/gcc/riscv32-unknown-elf/12.2.0/../../../../riscv32-unknown-elf/lib/libgloss.a
END GROUP
LOAD /opt/riscv-gnu-toolchain_20221011_rv32im/lib/gcc/riscv32-unknown-elf/12.2.0/libgcc.a
                0x0000000000008000                __stack_size = DEFINED (__stack_size)?__stack_size:0x8000

.text.init      0x0000000080000000       0xdc
 *(.text.init)
 .text.init     0x0000000080000000       0xdc /tmp/ccpxFzYu.o
                0x0000000080000000                _start
                0x00000000800000d4                send_char
                0x00000000800000dc                . = ALIGN (0x4)

.text           0x00000000800000dc     0x4d08
 *(.text.unlikely .text.unlikely.*)
 *(.text.startup .text.startup.*)
 .text.startup  0x00000000800000dc      0x94c /tmp/ccEfiNGr.o
                0x00000000800000dc                main
 *(.text .text.*)
 .text          0x0000000080000a28        0x0 /tmp/ccpxFzYu.o
 .text          0x0000000080000a28      0x22c /tmp/ccz95uMu.o
                0x0000000080000a28                Proc_7
                0x0000000080000a38                Proc_8
                0x0000000080000a9c                Func_1
                0x0000000080000abc                Func_2
                0x0000000080000b90                Func_3
                0x0000000080000b9c                Proc_6
 .text          0x0000000080000c54      0x69c /tmp/ccEfiNGr.o
                0x0000000080000c54                start_instret
                0x0000000080000ce0                stop_instret
                0x0000000080000d6c                get_instret
                0x0000000080000d90                start_branch
                0x0000000080000e88                stop_branch
                0x0000000080000f80                get_branch_hit
                0x0000000080000fa4                get_branch_total
                0x0000000080000fc8                start_time
                0x0000000080001058                stop_time
                0x00000000800010e8                get_time
                0x0000000080001114                Proc_2
                0x000000008000113c                Proc_3
                0x0000000080001160                Proc_1
                0x00000000800012bc                Proc_4
                0x00000000800012e0                Proc_5
 .text          0x00000000800012f0     0x2d3c /tmp/ccb7bdBt.o
                0x0000000080003e4c                _putchar
                0x0000000080003e94                printf_
                0x0000000080003ee8                sprintf_
                0x0000000080003f38                snprintf_
                0x0000000080003f84                vprintf_
                0x0000000080003fb4                vsnprintf_
                0x0000000080003fd0                fctprintf
 .text          0x000000008000402c      0x428 /opt/riscv-gnu-toolchain_20221011_rv32im/lib/gcc/riscv32-unknown-elf/12.2.0/libgcc.a(_moddi3.o)
                0x000000008000402c                __moddi3
 .text          0x0000000080004454      0x430 /opt/riscv-gnu-toolchain_20221011_rv32im/lib/gcc/riscv32-unknown-elf/12.2.0/libgcc.a(_udivdi3.o)
                0x0000000080004454                __udivdi3
 .text          0x0000000080004884      0x3e4 /opt/riscv-gnu-toolchain_20221011_rv32im/lib/gcc/riscv32-unknown-elf/12.2.0/libgcc.a(_umoddi3.o)
                0x0000000080004884                __umoddi3
 .text          0x0000000080004c68        0x0 /opt/riscv-gnu-toolchain_20221011_rv32im/lib/gcc/riscv32-unknown-elf/12.2.0/libgcc.a(_clz.o)
 .text          0x0000000080004c68      0x17c /opt/riscv-gnu-toolchain_20221011_rv32im/lib/gcc/riscv32-unknown-elf/12.2.0/../../../../riscv32-unknown-elf/lib/libc.a(lib_a-strcmp.o)
                0x0000000080004c68                strcmp
 *(.gnu.linkonce.t.*)
                0x0000000080004de4                . = ALIGN (0x4)

.rodata         0x0000000080004de4      0x824
 *(.rdata)
 *(.rodata .rodata.*)
 .rodata.str1.4
                0x0000000080004de4      0x693 /tmp/ccEfiNGr.o
                                        0x697 (size before relaxing)
 *fill*         0x0000000080005477        0x1 
 .rodata        0x0000000080005478       0x90 /tmp/ccb7bdBt.o
 .rodata        0x0000000080005508      0x100 /opt/riscv-gnu-toolchain_20221011_rv32im/lib/gcc/riscv32-unknown-elf/12.2.0/libgcc.a(_clz.o)
                0x0000000080005508                __clz_tab
 *(.gnu.linkonce.r.*)
                0x0000000080005608                . = ALIGN (0x4)

.eh_frame       0x0000000080005608       0x50
 .eh_frame      0x0000000080005608       0x28 /opt/riscv-gnu-toolchain_20221011_rv32im/lib/gcc/riscv32-unknown-elf/12.2.0/libgcc.a(_moddi3.o)
 .eh_frame      0x0000000080005630       0x14 /opt/riscv-gnu-toolchain_20221011_rv32im/lib/gcc/riscv32-unknown-elf/12.2.0/libgcc.a(_udivdi3.o)
                                         0x28 (size before relaxing)
 .eh_frame      0x0000000080005644       0x14 /opt/riscv-gnu-toolchain_20221011_rv32im/lib/gcc/riscv32-unknown-elf/12.2.0/libgcc.a(_umoddi3.o)
                                         0x28 (size before relaxing)

.rela.dyn       0x0000000080005658        0x0
 .rela.text.init
                0x0000000080005658        0x0 /tmp/ccpxFzYu.o

.data           0x0000000080005658        0x0
 *(.data .data.*)
 .data          0x0000000080005658        0x0 /tmp/ccpxFzYu.o
 .data          0x0000000080005658        0x0 /tmp/ccz95uMu.o
 .data          0x0000000080005658        0x0 /tmp/ccEfiNGr.o
 .data          0x0000000080005658        0x0 /tmp/ccb7bdBt.o
 .data          0x0000000080005658        0x0 /opt/riscv-gnu-toolchain_20221011_rv32im/lib/gcc/riscv32-unknown-elf/12.2.0/libgcc.a(_moddi3.o)
 .data          0x0000000080005658        0x0 /opt/riscv-gnu-toolchain_20221011_rv32im/lib/gcc/riscv32-unknown-elf/12.2.0/libgcc.a(_udivdi3.o)
 .data          0x0000000080005658        0x0 /opt/riscv-gnu-toolchain_20221011_rv32im/lib/gcc/riscv32-unknown-elf/12.2.0/libgcc.a(_umoddi3.o)
 .data          0x0000000080005658        0x0 /opt/riscv-gnu-toolchain_20221011_rv32im/lib/gcc/riscv32-unknown-elf/12.2.0/libgcc.a(_clz.o)
 .data          0x0000000080005658        0x0 /opt/riscv-gnu-toolchain_20221011_rv32im/lib/gcc/riscv32-unknown-elf/12.2.0/../../../../riscv32-unknown-elf/lib/libc.a(lib_a-strcmp.o)
 *(.gnu.linkonce.d.*)
                0x0000000080005658                . = ALIGN (0x4)

.sdata          0x0000000080005658        0x0
                0x0000000080005658                . = ALIGN (0x4)
                0x0000000080005e58                __global_pointer$ = (. + 0x800)
 *(.sdata .sdata.*)
 *(.gnu.linkonce.s.*)
                0x0000000080005658                . = ALIGN (0x4)
 *(.srodata .srodata.*)
                0x0000000080005658                . = ALIGN (0x4)
                0x0000000080005658                __bss_start = .

.sbss           0x0000000080005658       0x84
 *(.sbss .sbss.* .gnu.linkonce.sb.*)
 .sbss          0x0000000080005658       0x84 /tmp/ccEfiNGr.o
                0x0000000080005698                Dhrystones_Per_Second
                0x00000000800056a0                Microseconds
                0x00000000800056a8                User_Time
                0x00000000800056b0                End_Time
                0x00000000800056b8                Begin_Time
                0x00000000800056c0                Done
                0x00000000800056c4                Reg
                0x00000000800056c8                Ch_2_Glob
                0x00000000800056c9                Ch_1_Glob
                0x00000000800056cc                Bool_Glob
                0x00000000800056d0                Int_Glob
                0x00000000800056d4                Next_Ptr_Glob
                0x00000000800056d8                Ptr_Glob
 *(.scommon)
                0x00000000800056dc                . = ALIGN (0x4)

.bss            0x00000000800056dc     0x27d8
 *(.bss)
 .bss           0x00000000800056dc        0x0 /tmp/ccpxFzYu.o
 .bss           0x00000000800056dc        0x0 /tmp/ccz95uMu.o
 .bss           0x00000000800056dc     0x27d8 /tmp/ccEfiNGr.o
                0x00000000800056dc                Arr_1_Glob
                0x00000000800057a4                Arr_2_Glob
 .bss           0x0000000080007eb4        0x0 /tmp/ccb7bdBt.o
 .bss           0x0000000080007eb4        0x0 /opt/riscv-gnu-toolchain_20221011_rv32im/lib/gcc/riscv32-unknown-elf/12.2.0/libgcc.a(_moddi3.o)
 .bss           0x0000000080007eb4        0x0 /opt/riscv-gnu-toolchain_20221011_rv32im/lib/gcc/riscv32-unknown-elf/12.2.0/libgcc.a(_udivdi3.o)
 .bss           0x0000000080007eb4        0x0 /opt/riscv-gnu-toolchain_20221011_rv32im/lib/gcc/riscv32-unknown-elf/12.2.0/libgcc.a(_umoddi3.o)
 .bss           0x0000000080007eb4        0x0 /opt/riscv-gnu-toolchain_20221011_rv32im/lib/gcc/riscv32-unknown-elf/12.2.0/libgcc.a(_clz.o)
 .bss           0x0000000080007eb4        0x0 /opt/riscv-gnu-toolchain_20221011_rv32im/lib/gcc/riscv32-unknown-elf/12.2.0/../../../../riscv32-unknown-elf/lib/libc.a(lib_a-strcmp.o)
                0x0000000080007eb4                . = ALIGN (0x4)
                0x0000000080007eb4                _end = .

.stack          0x0000000080007eb4     0x8000
                0x0000000080007eb4                _heap_end = .
                0x000000008000feb4                . = (. + __stack_size)
 *fill*         0x0000000080007eb4     0x8000 
                0x000000008000feb4                _sp = .
                0x000000008000feb4                __bss_end = .
OUTPUT(build_12_2/dhrystone_500_12_2.elf elf32-littleriscv)

.riscv.attributes
                0x0000000000000000       0x25
 .riscv.attributes
                0x0000000000000000       0x23 /tmp/ccpxFzYu.o
 .riscv.attributes
                0x0000000000000023       0x21 /tmp/ccz95uMu.o
 .riscv.attributes
                0x0000000000000044       0x25 /tmp/ccEfiNGr.o
 .riscv.attributes
                0x0000000000000069       0x21 /tmp/ccb7bdBt.o
 .riscv.attributes
                0x000000000000008a       0x21 /opt/riscv-gnu-toolchain_20221011_rv32im/lib/gcc/riscv32-unknown-elf/12.2.0/libgcc.a(_moddi3.o)
 .riscv.attributes
                0x00000000000000ab       0x21 /opt/riscv-gnu-toolchain_20221011_rv32im/lib/gcc/riscv32-unknown-elf/12.2.0/libgcc.a(_udivdi3.o)
 .riscv.attributes
                0x00000000000000cc       0x21 /opt/riscv-gnu-toolchain_20221011_rv32im/lib/gcc/riscv32-unknown-elf/12.2.0/libgcc.a(_umoddi3.o)
 .riscv.attributes
                0x00000000000000ed       0x21 /opt/riscv-gnu-toolchain_20221011_rv32im/lib/gcc/riscv32-unknown-elf/12.2.0/libgcc.a(_clz.o)
 .riscv.attributes
                0x000000000000010e       0x1f /opt/riscv-gnu-toolchain_20221011_rv32im/lib/gcc/riscv32-unknown-elf/12.2.0/../../../../riscv32-unknown-elf/lib/libc.a(lib_a-strcmp.o)

.comment        0x0000000000000000       0x1b
 .comment       0x0000000000000000       0x1b /tmp/ccz95uMu.o
                                         0x1c (size before relaxing)
 .comment       0x000000000000001b       0x1c /tmp/ccEfiNGr.o
 .comment       0x000000000000001b       0x1c /tmp/ccb7bdBt.o
 .comment       0x000000000000001b       0x1c /opt/riscv-gnu-toolchain_20221011_rv32im/lib/gcc/riscv32-unknown-elf/12.2.0/libgcc.a(_moddi3.o)
 .comment       0x000000000000001b       0x1c /opt/riscv-gnu-toolchain_20221011_rv32im/lib/gcc/riscv32-unknown-elf/12.2.0/libgcc.a(_udivdi3.o)
 .comment       0x000000000000001b       0x1c /opt/riscv-gnu-toolchain_20221011_rv32im/lib/gcc/riscv32-unknown-elf/12.2.0/libgcc.a(_umoddi3.o)
 .comment       0x000000000000001b       0x1c /opt/riscv-gnu-toolchain_20221011_rv32im/lib/gcc/riscv32-unknown-elf/12.2.0/libgcc.a(_clz.o)

.debug_line     0x0000000000000000     0x7606
 .debug_line    0x0000000000000000      0x172 /tmp/ccpxFzYu.o
 .debug_line    0x0000000000000172      0x4c7 /tmp/ccz95uMu.o
 .debug_line    0x0000000000000639     0x1937 /tmp/ccEfiNGr.o
 .debug_line    0x0000000000001f70     0x3f93 /tmp/ccb7bdBt.o
 .debug_line    0x0000000000005f03      0x824 /opt/riscv-gnu-toolchain_20221011_rv32im/lib/gcc/riscv32-unknown-elf/12.2.0/libgcc.a(_moddi3.o)
 .debug_line    0x0000000000006727      0x713 /opt/riscv-gnu-toolchain_20221011_rv32im/lib/gcc/riscv32-unknown-elf/12.2.0/libgcc.a(_udivdi3.o)
 .debug_line    0x0000000000006e3a      0x78d /opt/riscv-gnu-toolchain_20221011_rv32im/lib/gcc/riscv32-unknown-elf/12.2.0/libgcc.a(_umoddi3.o)
 .debug_line    0x00000000000075c7       0x3f /opt/riscv-gnu-toolchain_20221011_rv32im/lib/gcc/riscv32-unknown-elf/12.2.0/libgcc.a(_clz.o)

.debug_line_str
                0x0000000000000000      0x34f
 .debug_line_str
                0x0000000000000000       0x51 /tmp/ccpxFzYu.o
 .debug_line_str
                0x0000000000000051       0x6a /tmp/ccz95uMu.o
                                        0x110 (size before relaxing)
 .debug_line_str
                0x00000000000000bb       0x1c /tmp/ccEfiNGr.o
                                         0xda (size before relaxing)
 .debug_line_str
                0x00000000000000d7      0x122 /tmp/ccb7bdBt.o
                                        0x1c4 (size before relaxing)
 .debug_line_str
                0x00000000000001f9      0x156 /opt/riscv-gnu-toolchain_20221011_rv32im/lib/gcc/riscv32-unknown-elf/12.2.0/libgcc.a(_moddi3.o)
                                        0x1f2 (size before relaxing)
 .debug_line_str
                0x000000000000034f      0x1f2 /opt/riscv-gnu-toolchain_20221011_rv32im/lib/gcc/riscv32-unknown-elf/12.2.0/libgcc.a(_udivdi3.o)
 .debug_line_str
                0x000000000000034f      0x1f2 /opt/riscv-gnu-toolchain_20221011_rv32im/lib/gcc/riscv32-unknown-elf/12.2.0/libgcc.a(_umoddi3.o)
 .debug_line_str
                0x000000000000034f      0x1f2 /opt/riscv-gnu-toolchain_20221011_rv32im/lib/gcc/riscv32-unknown-elf/12.2.0/libgcc.a(_clz.o)

.debug_info     0x0000000000000000     0x4f3c
 .debug_info    0x0000000000000000       0x25 /tmp/ccpxFzYu.o
 .debug_info    0x0000000000000025      0x3b0 /tmp/ccz95uMu.o
 .debug_info    0x00000000000003d5     0x12ec /tmp/ccEfiNGr.o
 .debug_info    0x00000000000016c1     0x20aa /tmp/ccb7bdBt.o
 .debug_info    0x000000000000376b      0x7e4 /opt/riscv-gnu-toolchain_20221011_rv32im/lib/gcc/riscv32-unknown-elf/12.2.0/libgcc.a(_moddi3.o)
 .debug_info    0x0000000000003f4f      0x761 /opt/riscv-gnu-toolchain_20221011_rv32im/lib/gcc/riscv32-unknown-elf/12.2.0/libgcc.a(_udivdi3.o)
 .debug_info    0x00000000000046b0      0x7b4 /opt/riscv-gnu-toolchain_20221011_rv32im/lib/gcc/riscv32-unknown-elf/12.2.0/libgcc.a(_umoddi3.o)
 .debug_info    0x0000000000004e64       0xd8 /opt/riscv-gnu-toolchain_20221011_rv32im/lib/gcc/riscv32-unknown-elf/12.2.0/libgcc.a(_clz.o)

.debug_abbrev   0x0000000000000000      0xd68
 .debug_abbrev  0x0000000000000000       0x14 /tmp/ccpxFzYu.o
 .debug_abbrev  0x0000000000000014      0x159 /tmp/ccz95uMu.o
 .debug_abbrev  0x000000000000016d      0x288 /tmp/ccEfiNGr.o
 .debug_abbrev  0x00000000000003f5      0x3e9 /tmp/ccb7bdBt.o
 .debug_abbrev  0x00000000000007de      0x1ca /opt/riscv-gnu-toolchain_20221011_rv32im/lib/gcc/riscv32-unknown-elf/12.2.0/libgcc.a(_moddi3.o)
 .debug_abbrev  0x00000000000009a8      0x1a6 /opt/riscv-gnu-toolchain_20221011_rv32im/lib/gcc/riscv32-unknown-elf/12.2.0/libgcc.a(_udivdi3.o)
 .debug_abbrev  0x0000000000000b4e      0x1aa /opt/riscv-gnu-toolchain_20221011_rv32im/lib/gcc/riscv32-unknown-elf/12.2.0/libgcc.a(_umoddi3.o)
 .debug_abbrev  0x0000000000000cf8       0x70 /opt/riscv-gnu-toolchain_20221011_rv32im/lib/gcc/riscv32-unknown-elf/12.2.0/libgcc.a(_clz.o)

.debug_aranges  0x0000000000000000      0x100
 .debug_aranges
                0x0000000000000000       0x20 /tmp/ccpxFzYu.o
 .debug_aranges
                0x0000000000000020       0x20 /tmp/ccz95uMu.o
 .debug_aranges
                0x0000000000000040       0x28 /tmp/ccEfiNGr.o
 .debug_aranges
                0x0000000000000068       0x20 /tmp/ccb7bdBt.o
 .debug_aranges
                0x0000000000000088       0x20 /opt/riscv-gnu-toolchain_20221011_rv32im/lib/gcc/riscv32-unknown-elf/12.2.0/libgcc.a(_moddi3.o)
 .debug_aranges
                0x00000000000000a8       0x20 /opt/riscv-gnu-toolchain_20221011_rv32im/lib/gcc/riscv32-unknown-elf/12.2.0/libgcc.a(_udivdi3.o)
 .debug_aranges
                0x00000000000000c8       0x20 /opt/riscv-gnu-toolchain_20221011_rv32im/lib/gcc/riscv32-unknown-elf/12.2.0/libgcc.a(_umoddi3.o)
 .debug_aranges
                0x00000000000000e8       0x18 /opt/riscv-gnu-toolchain_20221011_rv32im/lib/gcc/riscv32-unknown-elf/12.2.0/libgcc.a(_clz.o)

.debug_str      0x0000000000000000      0x9d3
 .debug_str     0x0000000000000000       0x5d /tmp/ccpxFzYu.o
 .debug_str     0x000000000000005d      0x229 /tmp/ccz95uMu.o
                                        0x26e (size before relaxing)
 .debug_str     0x0000000000000286      0x388 /tmp/ccEfiNGr.o
                                        0x535 (size before relaxing)
 .debug_str     0x000000000000060e      0x17e /tmp/ccb7bdBt.o
                                        0x2bf (size before relaxing)
 .debug_str     0x000000000000078c      0x197 /opt/riscv-gnu-toolchain_20221011_rv32im/lib/gcc/riscv32-unknown-elf/12.2.0/libgcc.a(_moddi3.o)
                                        0x247 (size before relaxing)
 .debug_str     0x0000000000000923      0x248 /opt/riscv-gnu-toolchain_20221011_rv32im/lib/gcc/riscv32-unknown-elf/12.2.0/libgcc.a(_udivdi3.o)
 .debug_str     0x0000000000000923      0x248 /opt/riscv-gnu-toolchain_20221011_rv32im/lib/gcc/riscv32-unknown-elf/12.2.0/libgcc.a(_umoddi3.o)
 .debug_str     0x0000000000000923       0xb0 /opt/riscv-gnu-toolchain_20221011_rv32im/lib/gcc/riscv32-unknown-elf/12.2.0/libgcc.a(_clz.o)
                                        0x195 (size before relaxing)

.debug_loclists
                0x0000000000000000     0x53d6
 .debug_loclists
                0x0000000000000000      0x398 /tmp/ccz95uMu.o
 .debug_loclists
                0x0000000000000398      0x72d /tmp/ccEfiNGr.o
 .debug_loclists
                0x0000000000000ac5     0x2f5c /tmp/ccb7bdBt.o
 .debug_loclists
                0x0000000000003a21      0x74c /opt/riscv-gnu-toolchain_20221011_rv32im/lib/gcc/riscv32-unknown-elf/12.2.0/libgcc.a(_moddi3.o)
 .debug_loclists
                0x000000000000416d      0xa4c /opt/riscv-gnu-toolchain_20221011_rv32im/lib/gcc/riscv32-unknown-elf/12.2.0/libgcc.a(_udivdi3.o)
 .debug_loclists
                0x0000000000004bb9      0x81d /opt/riscv-gnu-toolchain_20221011_rv32im/lib/gcc/riscv32-unknown-elf/12.2.0/libgcc.a(_umoddi3.o)

.debug_frame    0x0000000000000000      0x420
 .debug_frame   0x0000000000000000       0xc0 /tmp/ccz95uMu.o
 .debug_frame   0x00000000000000c0      0x184 /tmp/ccEfiNGr.o
 .debug_frame   0x0000000000000244      0x1dc /tmp/ccb7bdBt.o

.debug_rnglists
                0x0000000000000000      0xacf
 .debug_rnglists
                0x0000000000000000       0xd7 /tmp/ccEfiNGr.o
 .debug_rnglists
                0x00000000000000d7      0x77c /tmp/ccb7bdBt.o
 .debug_rnglists
                0x0000000000000853       0xbf /opt/riscv-gnu-toolchain_20221011_rv32im/lib/gcc/riscv32-unknown-elf/12.2.0/libgcc.a(_moddi3.o)
 .debug_rnglists
                0x0000000000000912      0x111 /opt/riscv-gnu-toolchain_20221011_rv32im/lib/gcc/riscv32-unknown-elf/12.2.0/libgcc.a(_udivdi3.o)
 .debug_rnglists
                0x0000000000000a23       0xac /opt/riscv-gnu-toolchain_20221011_rv32im/lib/gcc/riscv32-unknown-elf/12.2.0/libgcc.a(_umoddi3.o)
