
Memory Configuration

Name             Origin             Length             Attributes
ICCM             0x0000000080000000 0x0000000000040000 axw !rl
*default*        0x0000000000000000 0xffffffffffffffff

Linker script and memory map

LOAD /tmp/ccxTL3Xv.o
LOAD /opt/riscv-gnu-toolchain_20171107_rv32im/lib/gcc/riscv32-unknown-elf/7.2.0/../../../../riscv32-unknown-elf/lib/libm.a
LOAD /opt/riscv-gnu-toolchain_20171107_rv32im/lib/gcc/riscv32-unknown-elf/7.2.0/libgcc.a
                0x0000000000008000                __stack_size = DEFINED (__stack_size)?__stack_size:0x8000

.text.init      0x0000000080000000     0xbe58
 *(.text.init)
 .text.init     0x0000000080000000     0xbe58 /tmp/ccxTL3Xv.o
                0x0000000080000000                _start
                0x000000008000be58                . = ALIGN (0x4)

.text           0x000000008000be58        0x0
 *(.text.unlikely .text.unlikely.*)
 *(.text.startup .text.startup.*)
 *(.text .text.*)
 .text          0x000000008000be58        0x0 /tmp/ccxTL3Xv.o
 *(.gnu.linkonce.t.*)
                0x000000008000be58                . = ALIGN (0x4)

.rodata         0x000000008000be58        0x0
 *(.rdata)
 *(.rodata .rodata.*)
 *(.gnu.linkonce.r.*)
                0x000000008000be58                . = ALIGN (0x4)

.data           0x000000008000be58        0x0
 *(.data .data.*)
 .data          0x000000008000be58        0x0 /tmp/ccxTL3Xv.o
 *(.gnu.linkonce.d.*)
                0x000000008000be58                . = ALIGN (0x4)

.sdata          0x000000008000be58        0x0
                0x000000008000be58                . = ALIGN (0x4)
                0x000000008000c658                __global_pointer$ = (. + 0x800)
 *(.sdata .sdata.*)
 *(.gnu.linkonce.s.*)
                0x000000008000be58                . = ALIGN (0x4)
 *(.srodata .srodata.*)
                0x000000008000be58                . = ALIGN (0x4)
                0x000000008000be58                __bss_start = .

.sbss           0x000000008000be58        0x0
 *(.sbss .sbss.* .gnu.linkonce.sb.*)
 *(.scommon)
                0x000000008000be58                . = ALIGN (0x4)

.bss            0x000000008000be58        0x0
 *(.bss)
 .bss           0x000000008000be58        0x0 /tmp/ccxTL3Xv.o
                0x000000008000be58                . = ALIGN (0x4)
                0x000000008000be58                _end = .

.stack          0x000000008000be58     0x8000
                0x000000008000be58                _heap_end = .
                0x0000000080013e58                . = (. + __stack_size)
 *fill*         0x000000008000be58     0x8000 
                0x0000000080013e58                _sp = .
                0x0000000080013e58                __bss_end = .
OUTPUT(build_7_2/ipc_test1_7_2.elf elf32-littleriscv)

.debug_line     0x0000000000000000    0x11db8
 .debug_line    0x0000000000000000    0x11db8 /tmp/ccxTL3Xv.o

.debug_info     0x0000000000000000       0x26
 .debug_info    0x0000000000000000       0x26 /tmp/ccxTL3Xv.o

.debug_abbrev   0x0000000000000000       0x14
 .debug_abbrev  0x0000000000000000       0x14 /tmp/ccxTL3Xv.o

.debug_aranges  0x0000000000000000       0x20
 .debug_aranges
                0x0000000000000000       0x20 /tmp/ccxTL3Xv.o

.debug_str      0x0000000000000000       0x68
 .debug_str     0x0000000000000000       0x68 /tmp/ccxTL3Xv.o
