Archive member included to satisfy reference by file (symbol)

/opt/riscv-gnu-toolchain_20171107_rv32im/lib/gcc/riscv32-unknown-elf/7.2.0/../../../../riscv32-unknown-elf/lib/libc.a(lib_a-atexit.o)
                              build/board/startup.o (atexit)
/opt/riscv-gnu-toolchain_20171107_rv32im/lib/gcc/riscv32-unknown-elf/7.2.0/../../../../riscv32-unknown-elf/lib/libc.a(lib_a-atoi.o)
                              build/kernel/components/finsh/finsh_token.o (atoi)
/opt/riscv-gnu-toolchain_20171107_rv32im/lib/gcc/riscv32-unknown-elf/7.2.0/../../../../riscv32-unknown-elf/lib/libc.a(lib_a-fclose.o)
                              build/kernel/components/libc/compilers/newlib/stdio.o (fclose)
/opt/riscv-gnu-toolchain_20171107_rv32im/lib/gcc/riscv32-unknown-elf/7.2.0/../../../../riscv32-unknown-elf/lib/libc.a(lib_a-fflush.o)
                              /opt/riscv-gnu-toolchain_20171107_rv32im/lib/gcc/riscv32-unknown-elf/7.2.0/../../../../riscv32-unknown-elf/lib/libc.a(lib_a-fclose.o) (__sflush_r)
/opt/riscv-gnu-toolchain_20171107_rv32im/lib/gcc/riscv32-unknown-elf/7.2.0/../../../../riscv32-unknown-elf/lib/libc.a(lib_a-fileno.o)
                              build/kernel/components/libc/compilers/newlib/stdio.o (fileno)
/opt/riscv-gnu-toolchain_20171107_rv32im/lib/gcc/riscv32-unknown-elf/7.2.0/../../../../riscv32-unknown-elf/lib/libc.a(lib_a-findfp.o)
                              /opt/riscv-gnu-toolchain_20171107_rv32im/lib/gcc/riscv32-unknown-elf/7.2.0/../../../../riscv32-unknown-elf/lib/libc.a(lib_a-fclose.o) (__sinit)
/opt/riscv-gnu-toolchain_20171107_rv32im/lib/gcc/riscv32-unknown-elf/7.2.0/../../../../riscv32-unknown-elf/lib/libc.a(lib_a-fini.o)
                              build/board/startup.o (__libc_fini_array)
/opt/riscv-gnu-toolchain_20171107_rv32im/lib/gcc/riscv32-unknown-elf/7.2.0/../../../../riscv32-unknown-elf/lib/libc.a(lib_a-fopen.o)
                              build/kernel/components/libc/compilers/newlib/stdio.o (fopen)
/opt/riscv-gnu-toolchain_20171107_rv32im/lib/gcc/riscv32-unknown-elf/7.2.0/../../../../riscv32-unknown-elf/lib/libc.a(lib_a-fseek.o)
                              /opt/riscv-gnu-toolchain_20171107_rv32im/lib/gcc/riscv32-unknown-elf/7.2.0/../../../../riscv32-unknown-elf/lib/libc.a(lib_a-fopen.o) (_fseek_r)
/opt/riscv-gnu-toolchain_20171107_rv32im/lib/gcc/riscv32-unknown-elf/7.2.0/../../../../riscv32-unknown-elf/lib/libc.a(lib_a-fseeko.o)
                              /opt/riscv-gnu-toolchain_20171107_rv32im/lib/gcc/riscv32-unknown-elf/7.2.0/../../../../riscv32-unknown-elf/lib/libc.a(lib_a-fseek.o) (_fseeko_r)
/opt/riscv-gnu-toolchain_20171107_rv32im/lib/gcc/riscv32-unknown-elf/7.2.0/../../../../riscv32-unknown-elf/lib/libc.a(lib_a-fwalk.o)
                              /opt/riscv-gnu-toolchain_20171107_rv32im/lib/gcc/riscv32-unknown-elf/7.2.0/../../../../riscv32-unknown-elf/lib/libc.a(lib_a-findfp.o) (_fwalk)
/opt/riscv-gnu-toolchain_20171107_rv32im/lib/gcc/riscv32-unknown-elf/7.2.0/../../../../riscv32-unknown-elf/lib/libc.a(lib_a-impure.o)
                              build/kernel/components/libc/compilers/newlib/stdio.o (_global_impure_ptr)
/opt/riscv-gnu-toolchain_20171107_rv32im/lib/gcc/riscv32-unknown-elf/7.2.0/../../../../riscv32-unknown-elf/lib/libc.a(lib_a-makebuf.o)
                              /opt/riscv-gnu-toolchain_20171107_rv32im/lib/gcc/riscv32-unknown-elf/7.2.0/../../../../riscv32-unknown-elf/lib/libc.a(lib_a-fseeko.o) (__smakebuf_r)
/opt/riscv-gnu-toolchain_20171107_rv32im/lib/gcc/riscv32-unknown-elf/7.2.0/../../../../riscv32-unknown-elf/lib/libc.a(lib_a-memcmp.o)
                              build/kernel/components/finsh/shell.o (memcmp)
/opt/riscv-gnu-toolchain_20171107_rv32im/lib/gcc/riscv32-unknown-elf/7.2.0/../../../../riscv32-unknown-elf/lib/libc.a(lib_a-memcpy.o)
                              build/kernel/components/drivers/src/ringbuffer.o (memcpy)
/opt/riscv-gnu-toolchain_20171107_rv32im/lib/gcc/riscv32-unknown-elf/7.2.0/../../../../riscv32-unknown-elf/lib/libc.a(lib_a-memset.o)
                              build/kernel/components/finsh/shell.o (memset)
/opt/riscv-gnu-toolchain_20171107_rv32im/lib/gcc/riscv32-unknown-elf/7.2.0/../../../../riscv32-unknown-elf/lib/libc.a(lib_a-refill.o)
                              /opt/riscv-gnu-toolchain_20171107_rv32im/lib/gcc/riscv32-unknown-elf/7.2.0/../../../../riscv32-unknown-elf/lib/libc.a(lib_a-fseeko.o) (__srefill_r)
/opt/riscv-gnu-toolchain_20171107_rv32im/lib/gcc/riscv32-unknown-elf/7.2.0/../../../../riscv32-unknown-elf/lib/libc.a(lib_a-setvbuf.o)
                              build/kernel/components/libc/compilers/newlib/stdio.o (setvbuf)
/opt/riscv-gnu-toolchain_20171107_rv32im/lib/gcc/riscv32-unknown-elf/7.2.0/../../../../riscv32-unknown-elf/lib/libc.a(lib_a-snprintf.o)
                              build/kernel/components/libc/compilers/newlib/stdio.o (snprintf)
/opt/riscv-gnu-toolchain_20171107_rv32im/lib/gcc/riscv32-unknown-elf/7.2.0/../../../../riscv32-unknown-elf/lib/libc.a(lib_a-stdio.o)
[...]
Memory Configuration

Name             Origin             Length             Attributes
flash            0x0000000080000000 0x0000000000020000 axr !wl
ram              0x0000000080020000 0x0000000000020000 axw !rl
*default*        0x0000000000000000 0xffffffffffffffff

Linker script and memory map

LOAD build/applications/main.o
LOAD build/applications/testapp.o
LOAD build/applications/func.o
LOAD build/drivers/clint.o
LOAD build/drivers/drv_systimer.o
LOAD build/drivers/drv_uart.o
LOAD build/drivers/drv_uart_asm.o
LOAD build/board/board.o
LOAD build/board/intexc.o
LOAD build/board/startup.o
LOAD build/kernel/src/clock.o
LOAD build/kernel/src/components.o
LOAD build/kernel/src/device.o
LOAD build/kernel/src/idle.o
LOAD build/kernel/src/ipc.o
LOAD build/kernel/src/irq.o
LOAD build/kernel/src/kservice.o
LOAD build/kernel/src/mem.o
LOAD build/kernel/src/mempool.o
LOAD build/kernel/src/object.o
LOAD build/kernel/src/scheduler.o
LOAD build/kernel/src/signal.o
LOAD build/kernel/src/thread.o
LOAD build/kernel/src/timer.o
LOAD /mnt/983zet_480G/lizhirui/privwork/DreamCoreV2-rtl/testcase_src/rt-thread/libcpu/risc-v/dreamcore/cpuport.o
LOAD /mnt/983zet_480G/lizhirui/privwork/DreamCoreV2-rtl/testcase_src/rt-thread/libcpu/risc-v/dreamcore/riscv_trap.o
LOAD /mnt/983zet_480G/lizhirui/privwork/DreamCoreV2-rtl/testcase_src/rt-thread/libcpu/risc-v/dreamcore/context_gcc.o
LOAD /mnt/983zet_480G/lizhirui/privwork/DreamCoreV2-rtl/testcase_src/rt-thread/libcpu/risc-v/dreamcore/interrupt_gcc.o
LOAD build/kernel/components/libc/compilers/newlib/libc.o
LOAD build/kernel/components/libc/compilers/newlib/libc_syms.o
LOAD build/kernel/components/libc/compilers/newlib/stdio.o
LOAD build/kernel/components/libc/compilers/newlib/syscalls.o
LOAD build/kernel/components/libc/compilers/common/time.o
LOAD build/kernel/components/drivers/src/completion.o
LOAD build/kernel/components/drivers/src/dataqueue.o
LOAD build/kernel/components/drivers/src/pipe.o
LOAD build/kernel/components/drivers/src/ringblk_buf.o
LOAD build/kernel/components/drivers/src/ringbuffer.o
LOAD build/kernel/components/drivers/src/waitqueue.o
LOAD build/kernel/components/drivers/src/workqueue.o
LOAD build/kernel/components/drivers/misc/pin.o
LOAD build/kernel/components/drivers/serial/serial.o
LOAD build/kernel/components/finsh/shell.o
LOAD build/kernel/components/finsh/cmd.o
LOAD build/kernel/components/finsh/msh.o
LOAD build/kernel/components/finsh/finsh_compiler.o
LOAD build/kernel/components/finsh/finsh_error.o
LOAD build/kernel/components/finsh/finsh_heap.o
LOAD build/kernel/components/finsh/finsh_init.o
LOAD build/kernel/components/finsh/finsh_node.o
LOAD build/kernel/components/finsh/finsh_ops.o
LOAD build/kernel/components/finsh/finsh_parser.o
LOAD build/kernel/components/finsh/finsh_var.o
LOAD build/kernel/components/finsh/finsh_vm.o
LOAD build/kernel/components/finsh/finsh_token.o
LOAD /opt/riscv-gnu-toolchain_20171107_rv32im/lib/gcc/riscv32-unknown-elf/7.2.0/../../../../riscv32-unknown-elf/lib/libstdc++.a
LOAD /opt/riscv-gnu-toolchain_20171107_rv32im/lib/gcc/riscv32-unknown-elf/7.2.0/../../../../riscv32-unknown-elf/lib/libc.a
LOAD /opt/riscv-gnu-toolchain_20171107_rv32im/lib/gcc/riscv32-unknown-elf/7.2.0/../../../../riscv32-unknown-elf/lib/libm.a
LOAD /opt/riscv-gnu-toolchain_20171107_rv32im/lib/gcc/riscv32-unknown-elf/7.2.0/libgcc.a
START GROUP
LOAD /opt/riscv-gnu-toolchain_20171107_rv32im/lib/gcc/riscv32-unknown-elf/7.2.0/../../../../riscv32-unknown-elf/lib/libc.a
LOAD /opt/riscv-gnu-toolchain_20171107_rv32im/lib/gcc/riscv32-unknown-elf/7.2.0/../../../../riscv32-unknown-elf/lib/libgloss.a
END GROUP
LOAD /opt/riscv-gnu-toolchain_20171107_rv32im/lib/gcc/riscv32-unknown-elf/7.2.0/libgcc.a
START GROUP
LOAD /opt/riscv-gnu-toolchain_20171107_rv32im/lib/gcc/riscv32-unknown-elf/7.2.0/libgcc.a
LOAD /opt/riscv-gnu-toolchain_20171107_rv32im/lib/gcc/riscv32-unknown-elf/7.2.0/../../../../riscv32-unknown-elf/lib/libc.a
LOAD /opt/riscv-gnu-toolchain_20171107_rv32im/lib/gcc/riscv32-unknown-elf/7.2.0/../../../../riscv32-unknown-elf/lib/libnosys.a
END GROUP
                0x0000000080000000                __ROM_BASE = 0x80000000
                0x0000000000020000                __ROM_SIZE = 0x20000
                0x0000000080020000                __RAM_BASE = 0x80020000
                0x0000000000020000                __RAM_SIZE = 0x20000
                0x0000000000002000                __STACK_SIZE = 0x2000
                0x0000000000002000                __HEAP_SIZE = 0x2000
                0x0000000000000800                __STACK_SIZE = DEFINED (__STACK_SIZE)?__STACK_SIZE:0x800

.init           0x0000000080000000      0x110
 *(SORT(.init))
 .init          0x0000000080000000      0x110 build/board/startup.o
                0x0000000080000000                _start

.ilalign        0x0000000080000110        0x0
                0x0000000080000110                . = ALIGN (0x4)
                [!provide]                        PROVIDE (_ilm_lma, .)

.ialign         0x0000000080000110        0x0
                [!provide]                        PROVIDE (_ilm, .)

.text           0x0000000080000140     0xc878
 *(.text.unlikely .text.unlikely.*)
 *(.text.startup .text.startup.*)
 .text.startup.main
                0x0000000080000140       0x20 build/applications/main.o
                0x0000000080000140                main
 *(.text .text.*)
 .text.thread_a_entry
                0x0000000080000160       0x64 build/applications/testapp.o
                0x0000000080000160                thread_a_entry
 .text.thread_b_entry
                0x00000000800001c4       0x5c build/applications/testapp.o
                0x00000000800001c4                thread_b_entry
 .text.thread_c_entry
                0x0000000080000220       0x64 build/applications/testapp.o
                0x0000000080000220                thread_c_entry
 .text.testapp  0x0000000080000284      0x140 build/applications/testapp.o
                0x0000000080000284                testapp
 .text          0x00000000800003c4        0xc build/applications/func.o
                0x00000000800003c4                set_finish
 .text.clint_yield_swi
                0x00000000800003d0       0x14 build/drivers/clint.o
                0x00000000800003d0                clint_yield_swi
 .text.clint_clear_swi_flag
                0x00000000800003e4       0x14 build/drivers/clint.o
                0x00000000800003e4                clint_clear_swi_flag
 .text.systimer_start
                0x00000000800003f8        0x4 build/drivers/drv_systimer.o
                0x00000000800003f8                systimer_start
 .text.systick_config
                0x00000000800003fc       0x24 build/drivers/drv_systimer.o
                0x00000000800003fc                systick_config
 .text.systick_reload
                0x0000000080000420       0x64 build/drivers/drv_systimer.o
                0x0000000080000420                systick_reload
 .text.myriscvcore_control
                0x0000000080000484       0x8c build/drivers/drv_uart.o
 .text.myriscvcore_configure
                0x0000000080000510       0x70 build/drivers/drv_uart.o
 .text.uart_rx  0x0000000080000580       0x38 build/drivers/drv_uart.o
 .text.myriscvcore_getc
                0x00000000800005b8       0x38 build/drivers/drv_uart.o
 .text.myriscvcore_putc
                0x00000000800005f0       0x48 build/drivers/drv_uart.o
 .text.rt_hw_uart_start_rx_thread
                0x0000000080000638       0x90 build/drivers/drv_uart.o
                0x0000000080000638                rt_hw_uart_start_rx_thread
 .text.rt_hw_uart_init
                0x00000000800006c8       0xa8 build/drivers/drv_uart.o
                0x00000000800006c8                rt_hw_uart_init
 .text          0x0000000080000770       0x10 build/drivers/drv_uart_asm.o
                0x0000000080000770                send_char
                0x0000000080000778                rev_char
 .text._fini    0x0000000080000780        0x4 build/board/board.o
                0x0000000080000780                _fini
 .text.rt_hw_board_init
                0x0000000080000784       0x44 build/board/board.o
                0x0000000080000784                rt_hw_board_init
 *fill*         0x00000000800007c8       0x38 
 .text.trap     0x0000000080000800       0xc0 build/board/intexc.o
                0x0000000080000800                exc_entry
 .text.rt_tick_get
                0x00000000800008c0       0x10 build/kernel/src/clock.o
                0x00000000800008c0                rt_tick_get
 .text.rt_tick_increase
                0x00000000800008d0       0x58 build/kernel/src/clock.o
                0x00000000800008d0                rt_tick_increase
 .text.rt_tick_from_millisecond
                0x0000000080000928       0x34 build/kernel/src/clock.o
                0x0000000080000928                rt_tick_from_millisecond
 .text.rti_start
                0x000000008000095c        0x8 build/kernel/src/components.o
 .text.rti_end  0x0000000080000964        0x8 build/kernel/src/components.o
 .text.rti_board_start
                0x000000008000096c        0x8 build/kernel/src/components.o
 .text.rti_board_end
                0x0000000080000974        0x8 build/kernel/src/components.o
 .text.rt_components_board_init
                0x000000008000097c       0x80 build/kernel/src/components.o
                0x000000008000097c                rt_components_board_init
 .text.rt_components_init
                0x00000000800009fc       0x8c build/kernel/src/components.o
                0x00000000800009fc                rt_components_init
 .text.main_thread_entry
                0x0000000080000a88       0x18 build/kernel/src/components.o
                0x0000000080000a88                main_thread_entry
 .text.rt_application_init
                0x0000000080000aa0       0x64 build/kernel/src/components.o
                0x0000000080000aa0                rt_application_init
 .text.rtthread_startup
                0x0000000080000b04       0x3c build/kernel/src/components.o
                0x0000000080000b04                rtthread_startup
 .text.entry    0x0000000080000b40       0x1c build/kernel/src/components.o
                0x0000000080000b40                entry
 .text.rt_device_find
                0x0000000080000b5c       0xb4 build/kernel/src/device.o
                0x0000000080000b5c                rt_device_find
 .text.rt_device_register
                0x0000000080000c10       0x78 build/kernel/src/device.o
                0x0000000080000c10                rt_device_register
 .text.rt_device_open
                0x0000000080000c88      0x158 build/kernel/src/device.o
                0x0000000080000c88                rt_device_open
 .text.rt_device_close
                0x0000000080000de0       0xac build/kernel/src/device.o
                0x0000000080000de0                rt_device_close
 .text.rt_device_read
                0x0000000080000e8c       0xd4 build/kernel/src/device.o
                0x0000000080000e8c                rt_device_read
 .text.rt_device_write
                0x0000000080000f60       0xd4 build/kernel/src/device.o
                0x0000000080000f60                rt_device_write
 .text.rt_device_set_rx_indicate
                0x0000000080001034       0x78 build/kernel/src/device.o
                0x0000000080001034                rt_device_set_rx_indicate
 .text.rt_thread_idle_excute
                0x00000000800010ac      0x170 build/kernel/src/idle.o
                0x00000000800010ac                rt_thread_idle_excute
 .text.rt_thread_idle_entry
                0x000000008000121c       0x40 build/kernel/src/idle.o
 .text.rt_thread_idle_init
                0x000000008000125c       0x64 build/kernel/src/idle.o
                0x000000008000125c                rt_thread_idle_init
 .text.rt_ipc_list_resume_all
                0x00000000800012c0       0x64 build/kernel/src/ipc.o
 .text.rt_ipc_list_resume.isra.0
                0x0000000080001324       0x20 build/kernel/src/ipc.o
 .text.rt_ipc_list_suspend
                0x0000000080001344       0x9c build/kernel/src/ipc.o
 .text.rt_sem_init
                0x00000000800013e0       0xa8 build/kernel/src/ipc.o
                0x00000000800013e0                rt_sem_init
 .text.rt_sem_create
                0x0000000080001488       0xc8 build/kernel/src/ipc.o
                0x0000000080001488                rt_sem_create
 .text.rt_sem_delete
                0x0000000080001550       0xe8 build/kernel/src/ipc.o
                0x0000000080001550                rt_sem_delete
 .text.rt_sem_take
                0x0000000080001638      0x1c0 build/kernel/src/ipc.o
                0x0000000080001638                rt_sem_take
 .text.rt_sem_trytake
                0x00000000800017f8        0x8 build/kernel/src/ipc.o
                0x00000000800017f8                rt_sem_trytake
 .text.rt_sem_release
                0x0000000080001800       0xe8 build/kernel/src/ipc.o
                0x0000000080001800                rt_sem_release
 .text.rt_interrupt_enter
                0x00000000800018e8       0x48 build/kernel/src/irq.o
                0x00000000800018e8                rt_interrupt_enter
 .text.rt_interrupt_leave
                0x0000000080001930       0x48 build/kernel/src/irq.o
                0x0000000080001930                rt_interrupt_leave
 .text.rt_interrupt_get_nest
                0x0000000080001978       0x30 build/kernel/src/irq.o
                0x0000000080001978                rt_interrupt_get_nest
 .text.print_number
                0x00000000800019a8      0x1f8 build/kernel/src/kservice.o
 .text.rt_set_errno
                0x0000000080001ba0       0x3c build/kernel/src/kservice.o
                0x0000000080001ba0                rt_set_errno
 .text.rt_memset
                0x0000000080001bdc       0xc4 build/kernel/src/kservice.o
                0x0000000080001bdc                rt_memset
 .text.rt_memmove
                0x0000000080001ca0       0x54 build/kernel/src/kservice.o
                0x0000000080001ca0                rt_memmove
 .text.rt_strncpy
                0x0000000080001cf4       0x44 build/kernel/src/kservice.o
                0x0000000080001cf4                rt_strncpy
 .text.rt_strncmp
                0x0000000080001d38       0x3c build/kernel/src/kservice.o
                0x0000000080001d38                rt_strncmp
 .text.rt_strlen
                0x0000000080001d74       0x1c build/kernel/src/kservice.o
                0x0000000080001d74                rt_strlen
 .text.rt_vsnprintf
                0x0000000080001d90      0x498 build/kernel/src/kservice.o
                0x0000000080001d90                rt_vsnprintf
 .text.rt_vsprintf
                0x0000000080002228       0x10 build/kernel/src/kservice.o
                0x0000000080002228                rt_vsprintf
 .text.rt_sprintf
                0x0000000080002238       0x38 build/kernel/src/kservice.o
                0x0000000080002238                rt_sprintf
 .text.rt_console_get_device
                0x0000000080002270        0xc build/kernel/src/kservice.o
                0x0000000080002270                rt_console_get_device
 .text.rt_console_set_device
                0x000000008000227c       0x60 build/kernel/src/kservice.o
                0x000000008000227c                rt_console_set_device
 .text.rt_hw_console_output
                0x00000000800022dc        0x4 build/kernel/src/kservice.o
                0x00000000800022dc                rt_hw_console_output
 .text.rt_kprintf
                0x00000000800022e0       0xa4 build/kernel/src/kservice.o
                0x00000000800022e0                rt_kprintf
 .text.rt_show_version
                0x0000000080002384       0x54 build/kernel/src/kservice.o
                0x0000000080002384                rt_show_version
 .text.__rt_ffs
                0x00000000800023d8       0x84 build/kernel/src/kservice.o
                0x00000000800023d8                __rt_ffs
 .text.rt_assert_handler
                0x000000008000245c       0x54 build/kernel/src/kservice.o
                0x000000008000245c                rt_assert_handler
 .text.list_mem
                0x00000000800024b0       0x4c build/kernel/src/mem.o
                0x00000000800024b0                list_mem
 .text.plug_holes
                0x00000000800024fc      0x120 build/kernel/src/mem.o
 .text.rt_system_heap_init
                0x000000008000261c      0x130 build/kernel/src/mem.o
                0x000000008000261c                rt_system_heap_init
 .text.rt_malloc
                0x000000008000274c      0x260 build/kernel/src/mem.o
                0x000000008000274c                rt_malloc
 .text.rt_calloc
                0x00000000800029ac       0x44 build/kernel/src/mem.o
                0x00000000800029ac                rt_calloc
 .text.rt_free  0x00000000800029f0      0x1d8 build/kernel/src/mem.o
                0x00000000800029f0                rt_free
 .text.rt_object_get_information
                0x0000000080002bc8       0x3c build/kernel/src/object.o
                0x0000000080002bc8                rt_object_get_information
 .text.rt_object_init
                0x0000000080002c04      0x118 build/kernel/src/object.o
                0x0000000080002c04                rt_object_init
 .text.rt_object_detach
                0x0000000080002d1c       0x78 build/kernel/src/object.o
                0x0000000080002d1c                rt_object_detach
 .text.rt_object_allocate
                0x0000000080002d94      0x118 build/kernel/src/object.o
                0x0000000080002d94                rt_object_allocate
 .text.rt_object_delete
                0x0000000080002eac       0xa0 build/kernel/src/object.o
                0x0000000080002eac                rt_object_delete
 .text.rt_object_is_systemobject
                0x0000000080002f4c       0x44 build/kernel/src/object.o
                0x0000000080002f4c                rt_object_is_systemobject
 .text.rt_object_get_type
                0x0000000080002f90       0x44 build/kernel/src/object.o
                0x0000000080002f90                rt_object_get_type
 .text.rt_system_scheduler_init
                0x0000000080002fd4       0x38 build/kernel/src/scheduler.o
                0x0000000080002fd4                rt_system_scheduler_init
 .text.rt_schedule_insert_thread
                0x000000008000300c       0xa4 build/kernel/src/scheduler.o
                0x000000008000300c                rt_schedule_insert_thread
 .text.rt_schedule_remove_thread
                0x00000000800030b0       0x90 build/kernel/src/scheduler.o
                0x00000000800030b0                rt_schedule_remove_thread
 .text.rt_system_scheduler_start
                0x0000000080003140       0x54 build/kernel/src/scheduler.o
                0x0000000080003140                rt_system_scheduler_start
 .text.rt_schedule
                0x0000000080003194      0x1b0 build/kernel/src/scheduler.o
                0x0000000080003194                rt_schedule
 .text.rt_enter_critical
                0x0000000080003344       0x28 build/kernel/src/scheduler.o
                0x0000000080003344                rt_enter_critical
 .text.rt_exit_critical
                0x000000008000336c       0x5c build/kernel/src/scheduler.o
                0x000000008000336c                rt_exit_critical
 .text.rt_thread_exit
                0x00000000800033c8       0x94 build/kernel/src/thread.o
                0x00000000800033c8                rt_thread_exit
 .text._rt_thread_init.isra.0
                0x000000008000345c      0x108 build/kernel/src/thread.o
 .text.rt_thread_timeout
                0x0000000080003564       0xbc build/kernel/src/thread.o
                0x0000000080003564                rt_thread_timeout
 .text.rt_thread_init
                0x0000000080003620       0xd8 build/kernel/src/thread.o
                0x0000000080003620                rt_thread_init
 .text.rt_thread_self
                0x00000000800036f8        0xc build/kernel/src/thread.o
                0x00000000800036f8                rt_thread_self
 .text.rt_thread_create
                0x0000000080003704       0xa4 build/kernel/src/thread.o
                0x0000000080003704                rt_thread_create
 .text.rt_thread_suspend
                0x00000000800037a8      0x104 build/kernel/src/thread.o
                0x00000000800037a8                rt_thread_suspend
 .text.rt_thread_sleep
                0x00000000800038ac       0xc8 build/kernel/src/thread.o
                0x00000000800038ac                rt_thread_sleep
 .text.rt_thread_delay
                0x0000000080003974        0x4 build/kernel/src/thread.o
                0x0000000080003974                rt_thread_delay
 .text.rt_thread_mdelay
                0x0000000080003978       0x18 build/kernel/src/thread.o
                0x0000000080003978                rt_thread_mdelay
 .text.rt_thread_resume
                0x0000000080003990       0xdc build/kernel/src/thread.o
                0x0000000080003990                rt_thread_resume
 .text.rt_thread_startup
                0x0000000080003a6c       0xc0 build/kernel/src/thread.o
                0x0000000080003a6c                rt_thread_startup
 .text._rt_timer_remove
                0x0000000080003b2c       0x24 build/kernel/src/timer.o
 .text.rt_timer_init
                0x0000000080003b50       0xac build/kernel/src/timer.o
                0x0000000080003b50                rt_timer_init
 .text.rt_timer_detach
                0x0000000080003bfc       0xc0 build/kernel/src/timer.o
                0x0000000080003bfc                rt_timer_detach
 .text.rt_timer_start
                0x0000000080003cbc      0x190 build/kernel/src/timer.o
                0x0000000080003cbc                rt_timer_start
 .text.rt_timer_stop
                0x0000000080003e4c       0xb8 build/kernel/src/timer.o
                0x0000000080003e4c                rt_timer_stop
 .text.rt_timer_control
                0x0000000080003f04       0xf8 build/kernel/src/timer.o
                0x0000000080003f04                rt_timer_control
 .text.rt_timer_check
                0x0000000080003ffc      0x144 build/kernel/src/timer.o
                0x0000000080003ffc                rt_timer_check
 .text.rt_soft_timer_check
                0x0000000080004140      0x154 build/kernel/src/timer.o
                0x0000000080004140                rt_soft_timer_check
 .text.rt_thread_timer_entry
                0x0000000080004294       0x6c build/kernel/src/timer.o
 .text.rt_system_timer_init
                0x0000000080004300       0x10 build/kernel/src/timer.o
                0x0000000080004300                rt_system_timer_init
 .text.rt_system_timer_thread_init
                0x0000000080004310       0x5c build/kernel/src/timer.o
                0x0000000080004310                rt_system_timer_thread_init
 .text.systick_handler
                0x000000008000436c       0x2c /mnt/983zet_480G/lizhirui/privwork/DreamCoreV2-rtl/testcase_src/rt-thread/libcpu/risc-v/dreamcore/cpuport.o
 .text.rt_hw_stack_init
                0x0000000080004398       0x48 /mnt/983zet_480G/lizhirui/privwork/DreamCoreV2-rtl/testcase_src/rt-thread/libcpu/risc-v/dreamcore/cpuport.o
                0x0000000080004398                rt_hw_stack_init
 .text.rt_hw_context_switch_interrupt
                0x00000000800043e0       0x3c /mnt/983zet_480G/lizhirui/privwork/DreamCoreV2-rtl/testcase_src/rt-thread/libcpu/risc-v/dreamcore/cpuport.o
                0x00000000800043e0                rt_hw_context_switch_interrupt
 .text.rt_hw_context_switch
                0x000000008000441c       0x28 /mnt/983zet_480G/lizhirui/privwork/DreamCoreV2-rtl/testcase_src/rt-thread/libcpu/risc-v/dreamcore/cpuport.o
                0x000000008000441c                rt_hw_context_switch
 .text.rt_hw_taskswitch
                0x0000000080004444       0x1c /mnt/983zet_480G/lizhirui/privwork/DreamCoreV2-rtl/testcase_src/rt-thread/libcpu/risc-v/dreamcore/cpuport.o
                0x0000000080004444                rt_hw_taskswitch
 .text.rt_hw_ticksetup
                0x0000000080004460       0x3c /mnt/983zet_480G/lizhirui/privwork/DreamCoreV2-rtl/testcase_src/rt-thread/libcpu/risc-v/dreamcore/cpuport.o
                0x0000000080004460                rt_hw_ticksetup
 .text.rt_hw_interrupt_disable
                0x000000008000449c        0x8 /mnt/983zet_480G/lizhirui/privwork/DreamCoreV2-rtl/testcase_src/rt-thread/libcpu/risc-v/dreamcore/cpuport.o
                0x000000008000449c                rt_hw_interrupt_disable
 .text.rt_hw_interrupt_enable
                0x00000000800044a4        0x8 /mnt/983zet_480G/lizhirui/privwork/DreamCoreV2-rtl/testcase_src/rt-thread/libcpu/risc-v/dreamcore/cpuport.o
                0x00000000800044a4                rt_hw_interrupt_enable
 .text.default_trap_handler
                0x00000000800044ac       0x18 /mnt/983zet_480G/lizhirui/privwork/DreamCoreV2-rtl/testcase_src/rt-thread/libcpu/risc-v/dreamcore/riscv_trap.o
 .text.enable_systimer_irq
                0x00000000800044c4        0xc /mnt/983zet_480G/lizhirui/privwork/DreamCoreV2-rtl/testcase_src/rt-thread/libcpu/risc-v/dreamcore/riscv_trap.o
                0x00000000800044c4                enable_systimer_irq
 .text.enable_software_irq
                0x00000000800044d0        0x8 /mnt/983zet_480G/lizhirui/privwork/DreamCoreV2-rtl/testcase_src/rt-thread/libcpu/risc-v/dreamcore/riscv_trap.o
                0x00000000800044d0                enable_software_irq
 .text.disable_external_irq
                0x00000000800044d8       0x10 /mnt/983zet_480G/lizhirui/privwork/DreamCoreV2-rtl/testcase_src/rt-thread/libcpu/risc-v/dreamcore/riscv_trap.o
                0x00000000800044d8                disable_external_irq
 .text.core_exception_handler
                0x00000000800044e8       0x98 /mnt/983zet_480G/lizhirui/privwork/DreamCoreV2-rtl/testcase_src/rt-thread/libcpu/risc-v/dreamcore/riscv_trap.o
                0x00000000800044e8                core_exception_handler
 .text.riscv_trap_vector_init
                0x0000000080004580       0x54 /mnt/983zet_480G/lizhirui/privwork/DreamCoreV2-rtl/testcase_src/rt-thread/libcpu/risc-v/dreamcore/riscv_trap.o
                0x0000000080004580                riscv_trap_vector_init
 .text.riscv_set_trap_int_handler
                0x00000000800045d4       0x5c /mnt/983zet_480G/lizhirui/privwork/DreamCoreV2-rtl/testcase_src/rt-thread/libcpu/risc-v/dreamcore/riscv_trap.o
                0x00000000800045d4                riscv_set_trap_int_handler
 *fill*         0x0000000080004630        0x0 
 .text          0x0000000080004630      0x1bc /mnt/983zet_480G/lizhirui/privwork/DreamCoreV2-rtl/testcase_src/rt-thread/libcpu/risc-v/dreamcore/context_gcc.o
                0x0000000080004630                rt_hw_context_switch_to
                0x00000000800046c8                msip_handler
 *fill*         0x00000000800047ec       0x14 
 .text.trap     0x0000000080004800      0x140 /mnt/983zet_480G/lizhirui/privwork/DreamCoreV2-rtl/testcase_src/rt-thread/libcpu/risc-v/dreamcore/interrupt_gcc.o
                0x0000000080004800                riscv_trap_handler_entry
 .text.libc_system_init
                0x0000000080004940        0x8 build/kernel/components/libc/compilers/newlib/libc.o
                0x0000000080004940                libc_system_init
 .text.__libc_init_array
                0x0000000080004948        0x4 build/kernel/components/libc/compilers/newlib/syscalls.o
                0x0000000080004948                __libc_init_array
 .text.rt_completion_init
                0x000000008000494c       0x50 build/kernel/components/drivers/src/completion.o
                0x000000008000494c                rt_completion_init
 .text.rt_completion_wait
                0x000000008000499c      0x168 build/kernel/components/drivers/src/completion.o
                0x000000008000499c                rt_completion_wait
 .text.rt_completion_done
                0x0000000080004b04       0xb0 build/kernel/components/drivers/src/completion.o
                0x0000000080004b04                rt_completion_done
 .text.rt_list_remove
                0x0000000080004bb4       0x20 build/kernel/components/drivers/src/workqueue.o
 .text._workqueue_thread_entry
                0x0000000080004bd4       0xc8 build/kernel/components/drivers/src/workqueue.o
 .text.rt_workqueue_create
                0x0000000080004c9c       0xb4 build/kernel/components/drivers/src/workqueue.o
                0x0000000080004c9c                rt_workqueue_create
 .text.rt_work_sys_workqueue_init
                0x0000000080004d50       0x48 build/kernel/components/drivers/src/workqueue.o
                0x0000000080004d50                rt_work_sys_workqueue_init
 .text.rt_pin_mode
                0x0000000080004d98       0x70 build/kernel/components/drivers/misc/pin.o
                0x0000000080004d98                rt_pin_mode
 .text.rt_pin_write
                0x0000000080004e08       0x70 build/kernel/components/drivers/misc/pin.o
                0x0000000080004e08                rt_pin_write
 .text.rt_pin_read
                0x0000000080004e78       0x60 build/kernel/components/drivers/misc/pin.o
                0x0000000080004e78                rt_pin_read
 .text.rt_pin_get
                0x0000000080004ed8       0x9c build/kernel/components/drivers/misc/pin.o
                0x0000000080004ed8                rt_pin_get
 .text.rt_serial_init
                0x0000000080004f74       0x6c build/kernel/components/drivers/serial/serial.o
 .text.rt_serial_open
                0x0000000080004fe0      0x208 build/kernel/components/drivers/serial/serial.o
 .text.rt_serial_control
                0x00000000800051e8      0x114 build/kernel/components/drivers/serial/serial.o
 .text.rt_serial_write
                0x00000000800052fc      0x164 build/kernel/components/drivers/serial/serial.o
 .text.rt_serial_read
                0x0000000080005460      0x168 build/kernel/components/drivers/serial/serial.o
 .text.rt_serial_close
                0x00000000800055c8      0x10c build/kernel/components/drivers/serial/serial.o
 .text.rt_hw_serial_register
                0x00000000800056d4       0xc4 build/kernel/components/drivers/serial/serial.o
                0x00000000800056d4                rt_hw_serial_register
 .text.rt_hw_serial_isr
                0x0000000080005798      0x204 build/kernel/components/drivers/serial/serial.o
                0x0000000080005798                rt_hw_serial_isr
 .text.finsh_rx_ind
                0x000000008000599c       0x50 build/kernel/components/finsh/shell.o
 .text.finsh_get_prompt
                0x00000000800059ec       0x84 build/kernel/components/finsh/shell.o
                0x00000000800059ec                finsh_get_prompt
 .text.shell_handle_history
                0x0000000080005a70       0x48 build/kernel/components/finsh/shell.o
 .text.finsh_set_prompt_mode
                0x0000000080005ab8       0x6c build/kernel/components/finsh/shell.o
                0x0000000080005ab8                finsh_set_prompt_mode
 .text.finsh_system_init
                0x0000000080005b24       0xe0 build/kernel/components/finsh/shell.o
                0x0000000080005b24                finsh_system_init
 .text.finsh_set_device
                0x0000000080005c04      0x104 build/kernel/components/finsh/shell.o
                0x0000000080005c04                finsh_set_device
 .text.finsh_run_line
                0x0000000080005d08       0xf8 build/kernel/components/finsh/shell.o
                0x0000000080005d08                finsh_run_line
 .text.finsh_thread_entry
                0x0000000080005e00      0x5fc build/kernel/components/finsh/shell.o
                0x0000000080005e00                finsh_thread_entry
 .text.rt_list_len
                0x00000000800063fc       0x20 build/kernel/components/finsh/cmd.o
 .text.str_is_prefix
                0x000000008000641c       0x2c build/kernel/components/finsh/cmd.o
 .text.str_common
                0x0000000080006448       0x2c build/kernel/components/finsh/cmd.o
 .text.hello    0x0000000080006474       0x24 build/kernel/components/finsh/cmd.o
                0x0000000080006474                hello
 .text.clear    0x0000000080006498       0x24 build/kernel/components/finsh/cmd.o
 .text.show_wait_queue
                0x00000000800064bc       0x74 build/kernel/components/finsh/cmd.o
 .text.version  0x0000000080006530       0x1c build/kernel/components/finsh/cmd.o
                0x0000000080006530                version
 .text.list_get_next
                0x000000008000654c       0xd4 build/kernel/components/finsh/cmd.o
 .text.list     0x0000000080006620      0x130 build/kernel/components/finsh/cmd.o
                0x0000000080006620                list
 .text.object_split.constprop.1
                0x0000000080006750       0x44 build/kernel/components/finsh/cmd.o
 .text.list_thread
                0x0000000080006794      0x214 build/kernel/components/finsh/cmd.o
                0x0000000080006794                list_thread
 .text.list_device
                0x00000000800069a8      0x158 build/kernel/components/finsh/cmd.o
                0x00000000800069a8                list_device
 .text.list_mutex
                0x0000000080006b00      0x130 build/kernel/components/finsh/cmd.o
                0x0000000080006b00                list_mutex
 .text.list_timer
                0x0000000080006c30      0x164 build/kernel/components/finsh/cmd.o
                0x0000000080006c30                list_timer
 .text.list_event
                0x0000000080006d94      0x188 build/kernel/components/finsh/cmd.o
                0x0000000080006d94                list_event
 .text.list_sem
                0x0000000080006f1c      0x198 build/kernel/components/finsh/cmd.o
                0x0000000080006f1c                list_sem
 .text.list_msgqueue
                0x00000000800070b4      0x198 build/kernel/components/finsh/cmd.o
                0x00000000800070b4                list_msgqueue
 .text.list_mailbox
                0x000000008000724c      0x1a8 build/kernel/components/finsh/cmd.o
                0x000000008000724c                list_mailbox
 .text.list_mempool
                0x00000000800073f4      0x18c build/kernel/components/finsh/cmd.o
                0x00000000800073f4                list_mempool
 .text.list_prefix
                0x0000000080007580      0x33c build/kernel/components/finsh/cmd.o
                0x0000000080007580                list_prefix
 .text.msh_exit
                0x00000000800078bc        0xc build/kernel/components/finsh/msh.o
 .text.msh_enter
                0x00000000800078c8       0x10 build/kernel/components/finsh/msh.o
 .text.msh_help
                0x00000000800078d8       0xac build/kernel/components/finsh/msh.o
                0x00000000800078d8                msh_help
 .text.cmd_ps   0x0000000080007984       0x1c build/kernel/components/finsh/msh.o
                0x0000000080007984                cmd_ps
 .text.cmd_free
                0x00000000800079a0       0x1c build/kernel/components/finsh/msh.o
                0x00000000800079a0                cmd_free
 .text.msh_is_used
                0x00000000800079bc        0xc build/kernel/components/finsh/msh.o
                0x00000000800079bc                msh_is_used
 .text.msh_exec
                0x00000000800079c8      0x294 build/kernel/components/finsh/msh.o
                0x00000000800079c8                msh_exec
 .text.msh_auto_complete
                0x0000000080007c5c      0x168 build/kernel/components/finsh/msh.o
                0x0000000080007c5c                msh_auto_complete
 .text.finsh_type_check
                0x0000000080007dc4      0x16c build/kernel/components/finsh/finsh_compiler.o
 .text.finsh_compile
                0x0000000080007f30     0x1488 build/kernel/components/finsh/finsh_compiler.o
 .text.finsh_compiler_run
                0x00000000800093b8       0xb0 build/kernel/components/finsh/finsh_compiler.o
                0x00000000800093b8                finsh_compiler_run
 .text.finsh_error_init
                0x0000000080009468        0xc build/kernel/components/finsh/finsh_error.o
                0x0000000080009468                finsh_error_init
 .text.finsh_error_set
                0x0000000080009474        0xc build/kernel/components/finsh/finsh_error.o
                0x0000000080009474                finsh_error_set
 .text.finsh_errno
                0x0000000080009480        0x8 build/kernel/components/finsh/finsh_error.o
                0x0000000080009480                finsh_errno
 .text.finsh_error_string
                0x0000000080009488       0x18 build/kernel/components/finsh/finsh_error.o
                0x0000000080009488                finsh_error_string
 .text.finsh_block_insert
                0x00000000800094a0       0x40 build/kernel/components/finsh/finsh_heap.o
 .text.finsh_heap_init
                0x00000000800094e0       0x44 build/kernel/components/finsh/finsh_heap.o
                0x00000000800094e0                finsh_heap_init
 .text.finsh_heap_free
                0x0000000080009524      0x114 build/kernel/components/finsh/finsh_heap.o
                0x0000000080009524                finsh_heap_free
 .text.finsh_heap_allocate
                0x0000000080009638      0x150 build/kernel/components/finsh/finsh_heap.o
                0x0000000080009638                finsh_heap_allocate
 .text.finsh_init
                0x0000000080009788       0x2c build/kernel/components/finsh/finsh_init.o
                0x0000000080009788                finsh_init
 .text.finsh_stack_bottom
                0x00000000800097b4        0xc build/kernel/components/finsh/finsh_init.o
                0x00000000800097b4                finsh_stack_bottom
 .text.finsh_flush
                0x00000000800097c0       0x24 build/kernel/components/finsh/finsh_init.o
                0x00000000800097c0                finsh_flush
 .text.finsh_node_init
                0x00000000800097e4       0x28 build/kernel/components/finsh/finsh_node.o
                0x00000000800097e4                finsh_node_init
 .text.finsh_node_allocate
                0x000000008000980c       0x44 build/kernel/components/finsh/finsh_node.o
                0x000000008000980c                finsh_node_allocate
 .text.finsh_node_new_id
                0x0000000080009850       0xb8 build/kernel/components/finsh/finsh_node.o
                0x0000000080009850                finsh_node_new_id
 .text.finsh_node_new_char
                0x0000000080009908       0x4c build/kernel/components/finsh/finsh_node.o
                0x0000000080009908                finsh_node_new_char
 .text.finsh_node_new_int
                0x0000000080009954       0x4c build/kernel/components/finsh/finsh_node.o
                0x0000000080009954                finsh_node_new_int
 .text.finsh_node_new_long
                0x00000000800099a0       0x4c build/kernel/components/finsh/finsh_node.o
                0x00000000800099a0                finsh_node_new_long
 .text.finsh_node_new_string
                0x00000000800099ec       0x94 build/kernel/components/finsh/finsh_node.o
                0x00000000800099ec                finsh_node_new_string
 .text.finsh_node_new_ptr
                0x0000000080009a80       0x4c build/kernel/components/finsh/finsh_node.o
                0x0000000080009a80                finsh_node_new_ptr
 .text.OP_no_op
                0x0000000080009acc        0x4 build/kernel/components/finsh/finsh_ops.o
                0x0000000080009acc                OP_no_op
 .text.OP_add_byte
                0x0000000080009ad0       0x24 build/kernel/components/finsh/finsh_ops.o
                0x0000000080009ad0                OP_add_byte
 .text.OP_add_word
                0x0000000080009af4       0x24 build/kernel/components/finsh/finsh_ops.o
                0x0000000080009af4                OP_add_word
 .text.OP_add_dword
                0x0000000080009b18       0x24 build/kernel/components/finsh/finsh_ops.o
                0x0000000080009b18                OP_add_dword
 .text.OP_sub_byte
                0x0000000080009b3c       0x24 build/kernel/components/finsh/finsh_ops.o
                0x0000000080009b3c                OP_sub_byte
 .text.OP_sub_word
                0x0000000080009b60       0x24 build/kernel/components/finsh/finsh_ops.o
                0x0000000080009b60                OP_sub_word
 .text.OP_sub_dword
                0x0000000080009b84       0x24 build/kernel/components/finsh/finsh_ops.o
                0x0000000080009b84                OP_sub_dword
 .text.OP_div_byte
                0x0000000080009ba8       0x24 build/kernel/components/finsh/finsh_ops.o
                0x0000000080009ba8                OP_div_byte
 .text.OP_div_word
                0x0000000080009bcc       0x24 build/kernel/components/finsh/finsh_ops.o
                0x0000000080009bcc                OP_div_word
 .text.OP_div_dword
                0x0000000080009bf0       0x24 build/kernel/components/finsh/finsh_ops.o
                0x0000000080009bf0                OP_div_dword
 .text.OP_mod_byte
                0x0000000080009c14       0x24 build/kernel/components/finsh/finsh_ops.o
                0x0000000080009c14                OP_mod_byte
 .text.OP_mod_word
                0x0000000080009c38       0x24 build/kernel/components/finsh/finsh_ops.o
                0x0000000080009c38                OP_mod_word
 .text.OP_mod_dword
                0x0000000080009c5c       0x24 build/kernel/components/finsh/finsh_ops.o
                0x0000000080009c5c                OP_mod_dword
 .text.OP_mul_byte
                0x0000000080009c80       0x24 build/kernel/components/finsh/finsh_ops.o
                0x0000000080009c80                OP_mul_byte
 .text.OP_mul_word
                0x0000000080009ca4       0x24 build/kernel/components/finsh/finsh_ops.o
                0x0000000080009ca4                OP_mul_word
 .text.OP_mul_dword
                0x0000000080009cc8       0x24 build/kernel/components/finsh/finsh_ops.o
                0x0000000080009cc8                OP_mul_dword
 .text.OP_and_byte
                0x0000000080009cec       0x24 build/kernel/components/finsh/finsh_ops.o
                0x0000000080009cec                OP_and_byte
 .text.OP_and_word
                0x0000000080009d10       0x24 build/kernel/components/finsh/finsh_ops.o
                0x0000000080009d10                OP_and_word
 .text.OP_and_dword
                0x0000000080009d34       0x24 build/kernel/components/finsh/finsh_ops.o
                0x0000000080009d34                OP_and_dword
 .text.OP_or_byte
                0x0000000080009d58       0x24 build/kernel/components/finsh/finsh_ops.o
                0x0000000080009d58                OP_or_byte
 .text.OP_or_word
                0x0000000080009d7c       0x24 build/kernel/components/finsh/finsh_ops.o
                0x0000000080009d7c                OP_or_word
 .text.OP_or_dword
                0x0000000080009da0       0x24 build/kernel/components/finsh/finsh_ops.o
                0x0000000080009da0                OP_or_dword
 .text.OP_xor_byte
                0x0000000080009dc4       0x24 build/kernel/components/finsh/finsh_ops.o
                0x0000000080009dc4                OP_xor_byte
 .text.OP_xor_word
                0x0000000080009de8       0x24 build/kernel/components/finsh/finsh_ops.o
                0x0000000080009de8                OP_xor_word
 .text.OP_xor_dword
                0x0000000080009e0c       0x24 build/kernel/components/finsh/finsh_ops.o
                0x0000000080009e0c                OP_xor_dword
 .text.OP_bw_byte
                0x0000000080009e30       0x18 build/kernel/components/finsh/finsh_ops.o
                0x0000000080009e30                OP_bw_byte
 .text.OP_bw_word
                0x0000000080009e48       0x18 build/kernel/components/finsh/finsh_ops.o
                0x0000000080009e48                OP_bw_word
 .text.OP_bw_dword
                0x0000000080009e60       0x18 build/kernel/components/finsh/finsh_ops.o
                0x0000000080009e60                OP_bw_dword
 .text.OP_shl_byte
                0x0000000080009e78       0x24 build/kernel/components/finsh/finsh_ops.o
                0x0000000080009e78                OP_shl_byte
 .text.OP_shl_word
                0x0000000080009e9c       0x24 build/kernel/components/finsh/finsh_ops.o
                0x0000000080009e9c                OP_shl_word
 .text.OP_shl_dword
                0x0000000080009ec0       0x24 build/kernel/components/finsh/finsh_ops.o
                0x0000000080009ec0                OP_shl_dword
 .text.OP_shr_byte
                0x0000000080009ee4       0x24 build/kernel/components/finsh/finsh_ops.o
                0x0000000080009ee4                OP_shr_byte
 .text.OP_shr_word
                0x0000000080009f08       0x24 build/kernel/components/finsh/finsh_ops.o
                0x0000000080009f08                OP_shr_word
 .text.OP_shr_dword
                0x0000000080009f2c       0x24 build/kernel/components/finsh/finsh_ops.o
                0x0000000080009f2c                OP_shr_dword
 .text.OP_ld_byte
                0x0000000080009f50       0x2c build/kernel/components/finsh/finsh_ops.o
                0x0000000080009f50                OP_ld_byte
 .text.OP_ld_word
                0x0000000080009f7c       0x38 build/kernel/components/finsh/finsh_ops.o
                0x0000000080009f7c                OP_ld_word
 .text.OP_ld_dword
                0x0000000080009fb4       0x50 build/kernel/components/finsh/finsh_ops.o
                0x0000000080009fb4                OP_ld_dword
 .text.OP_ld_value_byte
                0x000000008000a004       0x54 build/kernel/components/finsh/finsh_ops.o
                0x000000008000a004                OP_ld_value_byte
 .text.OP_ld_value_byte_stack
                0x000000008000a058       0x18 build/kernel/components/finsh/finsh_ops.o
                0x000000008000a058                OP_ld_value_byte_stack
 .text.OP_ld_value_word
                0x000000008000a070       0x54 build/kernel/components/finsh/finsh_ops.o
                0x000000008000a070                OP_ld_value_word
 .text.OP_ld_value_word_stack
                0x000000008000a0c4       0x18 build/kernel/components/finsh/finsh_ops.o
                0x000000008000a0c4                OP_ld_value_word_stack
 .text.OP_ld_value_dword
                0x000000008000a0dc       0x54 build/kernel/components/finsh/finsh_ops.o
                0x000000008000a0dc                OP_ld_value_dword
 .text.OP_ld_value_dword_stack
                0x000000008000a130       0x18 build/kernel/components/finsh/finsh_ops.o
                0x000000008000a130                OP_ld_value_dword_stack
 .text.OP_st_byte
                0x000000008000a148       0x24 build/kernel/components/finsh/finsh_ops.o
                0x000000008000a148                OP_st_byte
 .text.OP_st_word
                0x000000008000a16c       0x20 build/kernel/components/finsh/finsh_ops.o
                0x000000008000a16c                OP_st_word
 .text.OP_st_dword
                0x000000008000a18c       0x20 build/kernel/components/finsh/finsh_ops.o
                0x000000008000a18c                OP_st_dword
 .text.OP_pop   0x000000008000a1ac       0x14 build/kernel/components/finsh/finsh_ops.o
                0x000000008000a1ac                OP_pop
 .text.OP_call  0x000000008000a1c0      0x404 build/kernel/components/finsh/finsh_ops.o
                0x000000008000a1c0                OP_call
 .text.proc_type
                0x000000008000a5c4      0x170 build/kernel/components/finsh/finsh_parser.o
 .text.proc_identifier
                0x000000008000a734       0x60 build/kernel/components/finsh/finsh_parser.o
 .text.make_sys_node
                0x000000008000a794       0x54 build/kernel/components/finsh/finsh_parser.o
 .text.proc_assign_expr
                0x000000008000a7e8       0xdc build/kernel/components/finsh/finsh_parser.o
 .text.proc_expr_statement
                0x000000008000a8c4       0x88 build/kernel/components/finsh/finsh_parser.o
 .text.proc_cast_expr
                0x000000008000a94c      0x388 build/kernel/components/finsh/finsh_parser.o
 .text.proc_multiplicative_expr
                0x000000008000acd4       0xf4 build/kernel/components/finsh/finsh_parser.o
 .text.proc_additive_expr
                0x000000008000adc8       0xd0 build/kernel/components/finsh/finsh_parser.o
 .text.proc_shift_expr
                0x000000008000ae98       0xbc build/kernel/components/finsh/finsh_parser.o
 .text.proc_and_expr
                0x000000008000af54       0x98 build/kernel/components/finsh/finsh_parser.o
 .text.proc_exclusive_or_expr
                0x000000008000afec       0x98 build/kernel/components/finsh/finsh_parser.o
 .text.proc_variable_decl
                0x000000008000b084      0x2dc build/kernel/components/finsh/finsh_parser.o
 .text.finsh_parser_run
                0x000000008000b360      0x108 build/kernel/components/finsh/finsh_parser.o
                0x000000008000b360                finsh_parser_run
 .text.finsh_parser_init
                0x000000008000b468       0x24 build/kernel/components/finsh/finsh_parser.o
                0x000000008000b468                finsh_parser_init
 .text.finsh_var_init
                0x000000008000b48c       0x28 build/kernel/components/finsh/finsh_var.o
                0x000000008000b48c                finsh_var_init
 .text.finsh_var_insert
                0x000000008000b4b4       0xd8 build/kernel/components/finsh/finsh_var.o
                0x000000008000b4b4                finsh_var_insert
 .text.finsh_var_lookup
                0x000000008000b58c       0x84 build/kernel/components/finsh/finsh_var.o
                0x000000008000b58c                finsh_var_lookup
 .text.finsh_sysvar_lookup
                0x000000008000b610       0x94 build/kernel/components/finsh/finsh_var.o
                0x000000008000b610                finsh_sysvar_lookup
 .text.finsh_vm_run
                0x000000008000b6a4       0x84 build/kernel/components/finsh/finsh_vm.o
                0x000000008000b6a4                finsh_vm_run
 .text.finsh_syscall_lookup
                0x000000008000b728       0x94 build/kernel/components/finsh/finsh_vm.o
                0x000000008000b728                finsh_syscall_lookup
 .text.token_prev_char
                0x000000008000b7bc       0x1c build/kernel/components/finsh/finsh_token.o
 .text.token_next_char
                0x000000008000b7d8       0x8c build/kernel/components/finsh/finsh_token.o
 .text.finsh_token_init
                0x000000008000b864       0x30 build/kernel/components/finsh/finsh_token.o
                0x000000008000b864                finsh_token_init
 .text.token_get_string
                0x000000008000b894       0xdc build/kernel/components/finsh/finsh_token.o
                0x000000008000b894                token_get_string
 .text.finsh_token_token
                0x000000008000b970      0x730 build/kernel/components/finsh/finsh_token.o
                0x000000008000b970                finsh_token_token
 .text          0x000000008000c0a0       0x14 /opt/riscv-gnu-toolchain_20171107_rv32im/lib/gcc/riscv32-unknown-elf/7.2.0/../../../../riscv32-unknown-elf/lib/libc.a(lib_a-atexit.o)
                0x000000008000c0a0                atexit
 .text          0x000000008000c0b4       0x18 /opt/riscv-gnu-toolchain_20171107_rv32im/lib/gcc/riscv32-unknown-elf/7.2.0/../../../../riscv32-unknown-elf/lib/libc.a(lib_a-atoi.o)
                0x000000008000c0b4                atoi
                0x000000008000c0c0                _atoi_r
 .text          0x000000008000c0cc       0x74 /opt/riscv-gnu-toolchain_20171107_rv32im/lib/gcc/riscv32-unknown-elf/7.2.0/../../../../riscv32-unknown-elf/lib/libc.a(lib_a-fini.o)
                0x000000008000c0cc                __libc_fini_array
 .text          0x000000008000c140       0x30 /opt/riscv-gnu-toolchain_20171107_rv32im/lib/gcc/riscv32-unknown-elf/7.2.0/../../../../riscv32-unknown-elf/lib/libc.a(lib_a-memcmp.o)
                0x000000008000c140                memcmp
 .text          0x000000008000c170       0xe8 /opt/riscv-gnu-toolchain_20171107_rv32im/lib/gcc/riscv32-unknown-elf/7.2.0/../../../../riscv32-unknown-elf/lib/libc.a(lib_a-memcpy.o)
                0x000000008000c170                memcpy
 .text          0x000000008000c258       0xdc /opt/riscv-gnu-toolchain_20171107_rv32im/lib/gcc/riscv32-unknown-elf/7.2.0/../../../../riscv32-unknown-elf/lib/libc.a(lib_a-memset.o)
                0x000000008000c258                memset
 .text          0x000000008000c334       0x30 /opt/riscv-gnu-toolchain_20171107_rv32im/lib/gcc/riscv32-unknown-elf/7.2.0/../../../../riscv32-unknown-elf/lib/libc.a(lib_a-strcat.o)
                0x000000008000c334                strcat
 .text          0x000000008000c364      0x17c /opt/riscv-gnu-toolchain_20171107_rv32im/lib/gcc/riscv32-unknown-elf/7.2.0/../../../../riscv32-unknown-elf/lib/libc.a(lib_a-strcmp.o)
                0x000000008000c364                strcmp
 .text          0x000000008000c4e0       0x1c /opt/riscv-gnu-toolchain_20171107_rv32im/lib/gcc/riscv32-unknown-elf/7.2.0/../../../../riscv32-unknown-elf/lib/libc.a(lib_a-strcpy.o)
                0x000000008000c4e0                strcpy
 .text          0x000000008000c4fc       0x1c /opt/riscv-gnu-toolchain_20171107_rv32im/lib/gcc/riscv32-unknown-elf/7.2.0/../../../../riscv32-unknown-elf/lib/libc.a(lib_a-strlen.o)
                0x000000008000c4fc                strlen
 .text          0x000000008000c518       0x3c /opt/riscv-gnu-toolchain_20171107_rv32im/lib/gcc/riscv32-unknown-elf/7.2.0/../../../../riscv32-unknown-elf/lib/libc.a(lib_a-strncmp.o)
                0x000000008000c518                strncmp
 .text          0x000000008000c554       0x48 /opt/riscv-gnu-toolchain_20171107_rv32im/lib/gcc/riscv32-unknown-elf/7.2.0/../../../../riscv32-unknown-elf/lib/libc.a(lib_a-strncpy.o)
                0x000000008000c554                strncpy
 .text          0x000000008000c59c      0x218 /opt/riscv-gnu-toolchain_20171107_rv32im/lib/gcc/riscv32-unknown-elf/7.2.0/../../../../riscv32-unknown-elf/lib/libc.a(lib_a-strtol.o)
                0x000000008000c75c                _strtol_r
                0x000000008000c774                strtol_l
                0x000000008000c78c                strtol
 .text          0x000000008000c7b4       0x7c /opt/riscv-gnu-toolchain_20171107_rv32im/lib/gcc/riscv32-unknown-elf/7.2.0/../../../../riscv32-unknown-elf/lib/libc.a(lib_a-__atexit.o)
                0x000000008000c7b4                __register_exitproc
 .text          0x000000008000c830       0xc4 /opt/riscv-gnu-toolchain_20171107_rv32im/lib/gcc/riscv32-unknown-elf/7.2.0/../../../../riscv32-unknown-elf/lib/libc.a(lib_a-locale.o)
                0x000000008000c830                _setlocale_r
                0x000000008000c8a4                __locale_mb_cur_max
                0x000000008000c8c0                __locale_ctype_ptr_l
                0x000000008000c8c8                __locale_ctype_ptr
                0x000000008000c8e4                setlocale
 .text          0x000000008000c8f4       0x78 /opt/riscv-gnu-toolchain_20171107_rv32im/lib/gcc/riscv32-unknown-elf/7.2.0/../../../../riscv32-unknown-elf/lib/libc.a(lib_a-mbtowc_r.o)
                0x000000008000c8f4                _mbtowc_r
                0x000000008000c910                __ascii_mbtowc
 .text          0x000000008000c96c       0x4c /opt/riscv-gnu-toolchain_20171107_rv32im/lib/gcc/riscv32-unknown-elf/7.2.0/../../../../riscv32-unknown-elf/lib/libc.a(lib_a-wctomb_r.o)
                0x000000008000c96c                _wctomb_r
                0x000000008000c988                __ascii_wctomb
 *(.gnu.linkonce.t.*)

.rodata         0x000000008000c9b8     0x25f0
                0x000000008000c9b8                . = ALIGN (0x4)
 *(.rdata)
 *(.rodata .rodata.*)
 .rodata.name   0x000000008000c9b8       0x16 build/applications/testapp.o
                0x000000008000c9b8                __fsym___cmd_testapp_desc
                0x000000008000c9c0                __fsym___cmd_testapp_name
 *fill*         0x000000008000c9ce        0x2 
 .rodata.testapp.str1.4
                0x000000008000c9d0       0x42 build/applications/testapp.o
 *fill*         0x000000008000ca12        0x2 
 .rodata.thread_a_entry.str1.4
                0x000000008000ca14       0x18 build/applications/testapp.o
 .rodata.thread_b_entry.str1.4
                0x000000008000ca2c       0x18 build/applications/testapp.o
 .rodata.thread_c_entry.str1.4
                0x000000008000ca44       0x18 build/applications/testapp.o
 .rodata.__FUNCTION__.3419
                0x000000008000ca5c       0x16 build/drivers/drv_uart.o
 *fill*         0x000000008000ca72        0x2 
 .rodata.__FUNCTION__.3425
                0x000000008000ca74       0x14 build/drivers/drv_uart.o
 .rodata.__FUNCTION__.3433
                0x000000008000ca88       0x11 build/drivers/drv_uart.o
 *fill*         0x000000008000ca99        0x3 
 .rodata.__FUNCTION__.3449
                0x000000008000ca9c       0x1b build/drivers/drv_uart.o
 *fill*         0x000000008000cab7        0x1 
 .rodata.__FUNCTION__.3458
                0x000000008000cab8       0x10 build/drivers/drv_uart.o
 .rodata.myriscvcore_configure.str1.4
                0x000000008000cac8        0xf build/drivers/drv_uart.o
 *fill*         0x000000008000cad7        0x1 
 .rodata.myriscvcore_control.str1.4
                0x000000008000cad8       0x12 build/drivers/drv_uart.o
 *fill*         0x000000008000caea        0x2 
 .rodata.rt_hw_uart_init.str1.4
                0x000000008000caec       0x15 build/drivers/drv_uart.o
 *fill*         0x000000008000cb01        0x3 
 .rodata.rt_hw_uart_start_rx_thread.str1.4
                0x000000008000cb04       0x8c build/drivers/drv_uart.o
 .rodata.uart_ops
                0x000000008000cb90       0x14 build/drivers/drv_uart.o
 .rodata.rt_hw_board_init.str1.4
                0x000000008000cba4        0x4 build/board/board.o
 .rodata.__FUNCTION__.2921
                0x000000008000cba4       0x14 build/kernel/src/components.o
 .rodata.__rti_rti_board_end_name
                0x000000008000cbb8        0xe build/kernel/src/components.o
                0x000000008000cbb8                __rti_rti_board_end_name
 *fill*         0x000000008000cbc6        0x2 
 .rodata.__rti_rti_board_start_name
                0x000000008000cbc8       0x10 build/kernel/src/components.o
                0x000000008000cbc8                __rti_rti_board_start_name
 .rodata.__rti_rti_start_name
                0x000000008000cbd8        0xa build/kernel/src/components.o
                0x000000008000cbd8                __rti_rti_start_name
 *fill*         0x000000008000cbe2        0x2 
 .rodata.rt_application_init.str1.4
                0x000000008000cbe4       0x17 build/kernel/src/components.o
 *fill*         0x000000008000cbfb        0x1 
 .rodata.rt_components_board_init.str1.4
                0x000000008000cbfc       0x1a build/kernel/src/components.o
 *fill*         0x000000008000cc16        0x2 
 .rodata.rt_components_init.str1.4
                0x000000008000cc18       0x1f build/kernel/src/components.o
 *fill*         0x000000008000cc37        0x1 
 .rodata.__FUNCTION__.2807
                0x000000008000cc38        0xf build/kernel/src/device.o
 *fill*         0x000000008000cc47        0x1 
 .rodata.__FUNCTION__.2831
                0x000000008000cc48        0xf build/kernel/src/device.o
 *fill*         0x000000008000cc57        0x1 
 .rodata.__FUNCTION__.2836
                0x000000008000cc58       0x10 build/kernel/src/device.o
 .rodata.__FUNCTION__.2843
                0x000000008000cc68        0xf build/kernel/src/device.o
 *fill*         0x000000008000cc77        0x1 
 .rodata.__FUNCTION__.2850
                0x000000008000cc78       0x10 build/kernel/src/device.o
 .rodata.__FUNCTION__.2863
                0x000000008000cc88       0x1a build/kernel/src/device.o
 *fill*         0x000000008000cca2        0x2 
 .rodata.rt_device_find.str1.4
                0x000000008000cca4       0x17 build/kernel/src/device.o
 *fill*         0x000000008000ccbb        0x1 
 .rodata.rt_device_init.str1.4
                0x000000008000ccbc       0x36 build/kernel/src/device.o
 *fill*         0x000000008000ccf2        0x2 
 .rodata.rt_device_open.str1.4
                0x000000008000ccf4       0x14 build/kernel/src/device.o
 .rodata.rt_device_unregister.str1.4
                0x000000008000cd08       0x74 build/kernel/src/device.o
 .rodata.__FUNCTION__.2898
                0x000000008000cd7c       0x16 build/kernel/src/idle.o
 *fill*         0x000000008000cd92        0x2 
 .rodata.rt_thread_idle_excute.str1.4
                0x000000008000cd94       0x2a build/kernel/src/idle.o
 *fill*         0x000000008000cdbe        0x2 
 .rodata.rt_thread_idle_init.str1.4
                0x000000008000cdc0        0x8 build/kernel/src/idle.o
 .rodata.__FUNCTION__.2904
                0x000000008000cdc8        0xc build/kernel/src/ipc.o
 .rodata.__FUNCTION__.2916
                0x000000008000cdd4        0xe build/kernel/src/ipc.o
 *fill*         0x000000008000cde2        0x2 
 .rodata.__FUNCTION__.2921
                0x000000008000cde4        0xe build/kernel/src/ipc.o
 *fill*         0x000000008000cdf2        0x2 
 .rodata.__FUNCTION__.2928
                0x000000008000cdf4        0xc build/kernel/src/ipc.o
 .rodata.__FUNCTION__.2939
                0x000000008000ce00        0xf build/kernel/src/ipc.o
 .rodata.rt_sem_create.str1.4
                0x000000008000ce0f       0x2a build/kernel/src/ipc.o
 *fill*         0x000000008000ce0f        0x1 
 .rodata.rt_sem_delete.str1.4
                0x000000008000ce10       0x3b build/kernel/src/ipc.o
 *fill*         0x000000008000ce4b        0x1 
 .rodata.rt_sem_detach.str1.4
                0x000000008000ce4c       0x77 build/kernel/src/ipc.o
 *fill*         0x000000008000cec3        0x1 
 .rodata.rt_sem_init.str1.4
                0x000000008000cec4       0x21 build/kernel/src/ipc.o
 *fill*         0x000000008000cee5        0x3 
 .rodata.rt_sem_take.str1.4
                0x000000008000cee8       0x37 build/kernel/src/ipc.o
 *fill*         0x000000008000cf1f        0x1 
 .rodata.__lowest_bit_bitmap
                0x000000008000cf20      0x100 build/kernel/src/kservice.o
                0x000000008000cf20                __lowest_bit_bitmap
 .rodata.large_digits.3037
                0x000000008000d020       0x11 build/kernel/src/kservice.o
 *fill*         0x000000008000d031        0x3 
 .rodata.rt_assert_handler.str1.4
                0x000000008000d034       0x37 build/kernel/src/kservice.o
 *fill*         0x000000008000d06b        0x1 
 .rodata.rt_show_version.str1.4
                0x000000008000d06c       0x86 build/kernel/src/kservice.o
 *fill*         0x000000008000d0f2        0x2 
 .rodata.rt_vsnprintf.str1.4
                0x000000008000d0f4        0x7 build/kernel/src/kservice.o
 *fill*         0x000000008000d0fb        0x1 
 .rodata.small_digits.3036
                0x000000008000d0fc       0x11 build/kernel/src/kservice.o
 *fill*         0x000000008000d10d        0x3 
 .rodata.__FUNCTION__.2894
                0x000000008000d110        0xb build/kernel/src/mem.o
 *fill*         0x000000008000d11b        0x1 
 .rodata.__FUNCTION__.2903
                0x000000008000d11c       0x14 build/kernel/src/mem.o
 .rodata.__FUNCTION__.2912
                0x000000008000d130        0xa build/kernel/src/mem.o
 *fill*         0x000000008000d13a        0x2 
 .rodata.list_mem.str1.4
                0x000000008000d13c       0x46 build/kernel/src/mem.o
 *fill*         0x000000008000d182        0x2 
 .rodata.name   0x000000008000d184       0x29 build/kernel/src/mem.o
                0x000000008000d184                __fsym_list_mem_desc
                0x000000008000d1a4                __fsym_list_mem_name
 *fill*         0x000000008000d1ad        0x3 
 .rodata.plug_holes.str1.4
                0x000000008000d1b0       0x5b build/kernel/src/mem.o
 *fill*         0x000000008000d20b        0x1 
 .rodata.rt_free.str1.4
                0x000000008000d20c       0xfd build/kernel/src/mem.o
 *fill*         0x000000008000d309        0x3 
 .rodata.rt_malloc.str1.4
                0x000000008000d30c       0xbf build/kernel/src/mem.o
 *fill*         0x000000008000d3cb        0x1 
 .rodata.rt_system_heap_init.str1.4
                0x000000008000d3cc       0x42 build/kernel/src/mem.o
                                         0x6e (size before relaxing)
 *fill*         0x000000008000d40e        0x2 
 .rodata.__FUNCTION__.2947
                0x000000008000d410        0xf build/kernel/src/object.o
 *fill*         0x000000008000d41f        0x1 
 .rodata.__FUNCTION__.2956
                0x000000008000d420       0x11 build/kernel/src/object.o
 *fill*         0x000000008000d431        0x3 
 .rodata.__FUNCTION__.2965
                0x000000008000d434       0x13 build/kernel/src/object.o
 *fill*         0x000000008000d447        0x1 
 .rodata.__FUNCTION__.2970
                0x000000008000d448       0x11 build/kernel/src/object.o
 *fill*         0x000000008000d459        0x3 
 .rodata.__FUNCTION__.2974
                0x000000008000d45c       0x1a build/kernel/src/object.o
 *fill*         0x000000008000d476        0x2 
 .rodata.__FUNCTION__.2978
                0x000000008000d478       0x13 build/kernel/src/object.o
 .rodata.rt_object_allocate.str1.4
                0x000000008000d48b       0x2a build/kernel/src/object.o
 *fill*         0x000000008000d48b        0x1 
 .rodata.rt_object_delete.str1.4
                0x000000008000d48c       0x29 build/kernel/src/object.o
 *fill*         0x000000008000d4b5        0x3 
 .rodata.rt_object_detach.str1.4
                0x000000008000d4b8       0x12 build/kernel/src/object.o
 *fill*         0x000000008000d4ca        0x2 
 .rodata.rt_object_init.str1.4
                0x000000008000d4cc        0xe build/kernel/src/object.o
                                         0x26 (size before relaxing)
 *fill*         0x000000008000d4da        0x2 
 .rodata.__FUNCTION__.2922
                0x000000008000d4dc       0x1a build/kernel/src/scheduler.o
 *fill*         0x000000008000d4f6        0x2 
 .rodata.__FUNCTION__.2928
                0x000000008000d4f8       0x1a build/kernel/src/scheduler.o
 *fill*         0x000000008000d512        0x2 
 .rodata.rt_schedule.str1.4
                0x000000008000d514       0x51 build/kernel/src/scheduler.o
 *fill*         0x000000008000d565        0x3 
 .rodata.rt_schedule_insert_thread.str1.4
                0x000000008000d568       0x12 build/kernel/src/scheduler.o
 *fill*         0x000000008000d57a        0x2 
 .rodata.__FUNCTION__.2898
                0x000000008000d57c       0x10 build/kernel/src/thread.o
 .rodata.__FUNCTION__.2910
                0x000000008000d58c        0xf build/kernel/src/thread.o
 *fill*         0x000000008000d59b        0x1 
 .rodata.__FUNCTION__.2919
                0x000000008000d59c       0x12 build/kernel/src/thread.o
 *fill*         0x000000008000d5ae        0x2 
 .rodata.__FUNCTION__.2951
                0x000000008000d5b0       0x10 build/kernel/src/thread.o
 .rodata.__FUNCTION__.2983
                0x000000008000d5c0       0x12 build/kernel/src/thread.o
 *fill*         0x000000008000d5d2        0x2 
 .rodata.__FUNCTION__.2988
                0x000000008000d5d4       0x11 build/kernel/src/thread.o
 *fill*         0x000000008000d5e5        0x3 
 .rodata.__FUNCTION__.2993
                0x000000008000d5e8       0x12 build/kernel/src/thread.o
 *fill*         0x000000008000d5fa        0x2 
 .rodata._rt_thread_init.isra.0.str1.4
                0x000000008000d5fc       0x22 build/kernel/src/thread.o
 *fill*         0x000000008000d61e        0x2 
 .rodata.rt_thread_init.str1.4
                0x000000008000d620       0x17 build/kernel/src/thread.o
 *fill*         0x000000008000d637        0x1 
 .rodata.rt_thread_startup.str1.4
                0x000000008000d638       0x37 build/kernel/src/thread.o
 *fill*         0x000000008000d66f        0x1 
 .rodata.rt_thread_suspend.str1.4
                0x000000008000d670       0x1b build/kernel/src/thread.o
 *fill*         0x000000008000d68b        0x1 
 .rodata.rt_thread_timeout.str1.4
                0x000000008000d68c       0x7e build/kernel/src/thread.o
                                         0x92 (size before relaxing)
 *fill*         0x000000008000d70a        0x2 
 .rodata.rt_timer_control
                0x000000008000d70c       0x14 build/kernel/src/timer.o
 .rodata.__FUNCTION__.2918
                0x000000008000d720        0xe build/kernel/src/timer.o
 *fill*         0x000000008000d72e        0x2 
 .rodata.__FUNCTION__.2923
                0x000000008000d730       0x10 build/kernel/src/timer.o
 .rodata.__FUNCTION__.2947
                0x000000008000d740        0xf build/kernel/src/timer.o
 *fill*         0x000000008000d74f        0x1 
 .rodata.__FUNCTION__.2964
                0x000000008000d750        0xe build/kernel/src/timer.o
 *fill*         0x000000008000d75e        0x2 
 .rodata.__FUNCTION__.2971
                0x000000008000d760       0x11 build/kernel/src/timer.o
 *fill*         0x000000008000d771        0x3 
 .rodata.rt_system_timer_thread_init.str1.4
                0x000000008000d774        0x6 build/kernel/src/timer.o
 *fill*         0x000000008000d77a        0x2 
 .rodata.rt_timer_detach.str1.4
                0x000000008000d77c       0x66 build/kernel/src/timer.o
 *fill*         0x000000008000d7e2        0x2 
 .rodata.rt_timer_init.str1.4
                0x000000008000d7e4       0x11 build/kernel/src/timer.o
 *fill*         0x000000008000d7f5        0x3 
 .rodata.rt_timer_start.str1.4
                0x000000008000d7f8       0x23 build/kernel/src/timer.o
 *fill*         0x000000008000d81b        0x1 
 .rodata.__FUNCTION__.3009
                0x000000008000d81c       0x17 /mnt/983zet_480G/lizhirui/privwork/DreamCoreV2-rtl/testcase_src/rt-thread/libcpu/risc-v/dreamcore/riscv_trap.o
 *fill*         0x000000008000d833        0x1 
 .rodata.__FUNCTION__.3024
                0x000000008000d834       0x1b /mnt/983zet_480G/lizhirui/privwork/DreamCoreV2-rtl/testcase_src/rt-thread/libcpu/risc-v/dreamcore/riscv_trap.o
 *fill*         0x000000008000d84f        0x1 
 .rodata.core_exception_handler.str1.4
                0x000000008000d850       0x3d /mnt/983zet_480G/lizhirui/privwork/DreamCoreV2-rtl/testcase_src/rt-thread/libcpu/risc-v/dreamcore/riscv_trap.o
 *fill*         0x000000008000d88d        0x3 
 .rodata.default_trap_handler.str1.4
                0x000000008000d890       0x11 /mnt/983zet_480G/lizhirui/privwork/DreamCoreV2-rtl/testcase_src/rt-thread/libcpu/risc-v/dreamcore/riscv_trap.o
 *fill*         0x000000008000d8a1        0x3 
 .rodata.__rti_libc_system_init_name
                0x000000008000d8a4       0x11 build/kernel/components/libc/compilers/newlib/libc.o
                0x000000008000d8a4                __rti_libc_system_init_name
 *fill*         0x000000008000d8b5        0x3 
 .rodata.__FUNCTION__.3268
                0x000000008000d8b8       0x13 build/kernel/components/drivers/src/completion.o
 *fill*         0x000000008000d8cb        0x1 
 .rodata.__FUNCTION__.3276
                0x000000008000d8cc       0x13 build/kernel/components/drivers/src/completion.o
 *fill*         0x000000008000d8df        0x1 
 .rodata.__FUNCTION__.3283
                0x000000008000d8e0       0x13 build/kernel/components/drivers/src/completion.o
 *fill*         0x000000008000d8f3        0x1 
 .rodata.rt_completion_init.str1.4
                0x000000008000d8f4       0x16 build/kernel/components/drivers/src/completion.o
 *fill*         0x000000008000d90a        0x2 
 .rodata.rt_completion_wait.str1.4
                0x000000008000d90c       0x2f build/kernel/components/drivers/src/completion.o
                                         0x5a (size before relaxing)
 *fill*         0x000000008000d93b        0x1 
 .rodata.__FUNCTION__.3278
                0x000000008000d93c       0x18 build/kernel/components/drivers/src/workqueue.o
 .rodata.__rti_rt_work_sys_workqueue_init_name
                0x000000008000d954       0x1b build/kernel/components/drivers/src/workqueue.o
                0x000000008000d954                __rti_rt_work_sys_workqueue_init_name
 *fill*         0x000000008000d96f        0x1 
 .rodata._workqueue_thread_entry.str1.4
                0x000000008000d970       0x11 build/kernel/components/drivers/src/workqueue.o
 *fill*         0x000000008000d981        0x3 
 .rodata.rt_work_sys_workqueue_init.str1.4
                0x000000008000d984        0x9 build/kernel/components/drivers/src/workqueue.o
 *fill*         0x000000008000d98d        0x3 
 .rodata.rt_workqueue_create.str1.4
                0x000000008000d990        0x7 build/kernel/components/drivers/src/workqueue.o
 *fill*         0x000000008000d997        0x1 
 .rodata.__FUNCTION__.4731
                0x000000008000d998        0xc build/kernel/components/drivers/misc/pin.o
 .rodata.__FUNCTION__.4739
                0x000000008000d9a4        0xd build/kernel/components/drivers/misc/pin.o
 *fill*         0x000000008000d9b1        0x3 
 .rodata.__FUNCTION__.4746
                0x000000008000d9b4        0xc build/kernel/components/drivers/misc/pin.o
 .rodata.__FUNCTION__.4753
                0x000000008000d9c0        0xb build/kernel/components/drivers/misc/pin.o
 *fill*         0x000000008000d9cb        0x1 
 .rodata.name   0x000000008000d9cc       0x9c build/kernel/components/drivers/misc/pin.o
                0x000000008000d9cc                __fsym_pinGet_desc
                0x000000008000d9f0                __fsym_pinGet_name
                0x000000008000d9f8                __fsym_pinRead_desc
                0x000000008000da18                __fsym_pinRead_name
                0x000000008000da20                __fsym_pinWrite_desc
                0x000000008000da3c                __fsym_pinWrite_name
                0x000000008000da48                __fsym_pinMode_desc
                0x000000008000da60                __fsym_pinMode_name
 .rodata.rt_pin_get.str1.4
                0x000000008000da68        0xf build/kernel/components/drivers/misc/pin.o
 *fill*         0x000000008000da77        0x1 
 .rodata.rt_pin_mode.str1.4
                0x000000008000da78       0x17 build/kernel/components/drivers/misc/pin.o
 *fill*         0x000000008000da8f        0x1 
 .rodata.__FUNCTION__.3292
                0x000000008000da90        0xf build/kernel/components/drivers/serial/serial.o
 *fill*         0x000000008000da9f        0x1 
 .rodata.__FUNCTION__.3305
                0x000000008000daa0        0xf build/kernel/components/drivers/serial/serial.o
 *fill*         0x000000008000daaf        0x1 
 .rodata.__FUNCTION__.3318
                0x000000008000dab0        0xf build/kernel/components/drivers/serial/serial.o
 *fill*         0x000000008000dabf        0x1 
 .rodata.__FUNCTION__.3325
                0x000000008000dac0        0xf build/kernel/components/drivers/serial/serial.o
 *fill*         0x000000008000dacf        0x1 
 .rodata.__FUNCTION__.3332
                0x000000008000dad0       0x10 build/kernel/components/drivers/serial/serial.o
 .rodata.__FUNCTION__.3342
                0x000000008000dae0        0xf build/kernel/components/drivers/serial/serial.o
 *fill*         0x000000008000daef        0x1 
 .rodata.__FUNCTION__.3350
                0x000000008000daf0       0x10 build/kernel/components/drivers/serial/serial.o
 .rodata.__FUNCTION__.3358
                0x000000008000db00       0x12 build/kernel/components/drivers/serial/serial.o
 *fill*         0x000000008000db12        0x2 
 .rodata.__FUNCTION__.3373
                0x000000008000db14       0x16 build/kernel/components/drivers/serial/serial.o
 *fill*         0x000000008000db2a        0x2 
 .rodata.__FUNCTION__.3382
                0x000000008000db2c       0x11 build/kernel/components/drivers/serial/serial.o
 *fill*         0x000000008000db3d        0x3 
 .rodata.rt_hw_serial_isr.str1.4
                0x000000008000db40       0x7a build/kernel/components/drivers/serial/serial.o
 .rodata.rt_hw_serial_register.str1.4
                0x000000008000dbba       0x12 build/kernel/components/drivers/serial/serial.o
 .rodata.rt_serial_init.str1.4
                0x000000008000dbba        0xf build/kernel/components/drivers/serial/serial.o
 *fill*         0x000000008000dbba        0x2 
 .rodata.rt_serial_open.str1.4
                0x000000008000dbbc       0x27 build/kernel/components/drivers/serial/serial.o
 *fill*         0x000000008000dbe3        0x1 
 .rodata.rt_serial_write.str1.4
                0x000000008000dbe4        0xe build/kernel/components/drivers/serial/serial.o
 *fill*         0x000000008000dbf2        0x2 
 .rodata.__FUNCTION__.4420
                0x000000008000dbf4       0x16 build/kernel/components/finsh/shell.o
 *fill*         0x000000008000dc0a        0x2 
 .rodata.__FUNCTION__.4425
                0x000000008000dc0c        0xe build/kernel/components/finsh/shell.o
 *fill*         0x000000008000dc1a        0x2 
 .rodata.__FUNCTION__.4433
                0x000000008000dc1c        0xd build/kernel/components/finsh/shell.o
 *fill*         0x000000008000dc29        0x3 
 .rodata.__FUNCTION__.4438
                0x000000008000dc2c       0x11 build/kernel/components/finsh/shell.o
 *fill*         0x000000008000dc3d        0x3 
 .rodata.__rti_finsh_system_init_name
                0x000000008000dc40       0x12 build/kernel/components/finsh/shell.o
                0x000000008000dc40                __rti_finsh_system_init_name
 *fill*         0x000000008000dc52        0x2 
 .rodata.finsh_get_prompt.str1.4
                0x000000008000dc54       0x12 build/kernel/components/finsh/shell.o
 *fill*         0x000000008000dc66        0x2 
 .rodata.finsh_run_line.str1.4
                0x000000008000dc68       0x21 build/kernel/components/finsh/shell.o
                                         0x29 (size before relaxing)
 *fill*         0x000000008000dc89        0x3 
 .rodata.finsh_rx_ind.str1.4
                0x000000008000dc8c       0x11 build/kernel/components/finsh/shell.o
 *fill*         0x000000008000dc9d        0x3 
 .rodata.finsh_set_device.str1.4
                0x000000008000dca0       0x20 build/kernel/components/finsh/shell.o
 .rodata.finsh_system_init.str1.4
                0x000000008000dcc0       0x25 build/kernel/components/finsh/shell.o
 *fill*         0x000000008000dce5        0x3 
 .rodata.finsh_thread_entry.str1.4
                0x000000008000dce8       0x17 build/kernel/components/finsh/shell.o
 *fill*         0x000000008000dcff        0x1 
 .rodata.shell_handle_history.str1.4
                0x000000008000dd00        0xd build/kernel/components/finsh/shell.o
 *fill*         0x000000008000dd0d        0x3 
 .rodata.clear.str1.4
                0x000000008000dd10        0x8 build/kernel/components/finsh/cmd.o
 .rodata.device_type_str
                0x000000008000dd18       0x58 build/kernel/components/finsh/cmd.o
 .rodata.hello.str1.4
                0x000000008000dd70       0x12 build/kernel/components/finsh/cmd.o
 *fill*         0x000000008000dd82        0x2 
 .rodata.list.str1.4
                0x000000008000dd84       0x42 build/kernel/components/finsh/cmd.o
 *fill*         0x000000008000ddc6        0x2 
 .rodata.list_device.str1.4
                0x000000008000ddc8       0x6f build/kernel/components/finsh/cmd.o
 *fill*         0x000000008000de37        0x1 
 .rodata.list_event.str1.4
                0x000000008000de38       0x76 build/kernel/components/finsh/cmd.o
                                         0x7a (size before relaxing)
 *fill*         0x000000008000deae        0x2 
 .rodata.list_mailbox.str1.4
                0x000000008000deb0       0x76 build/kernel/components/finsh/cmd.o
 *fill*         0x000000008000df26        0x2 
 .rodata.list_mempool.str1.4
                0x000000008000df28       0x8c build/kernel/components/finsh/cmd.o
 .rodata.list_msgqueue.str1.4
                0x000000008000dfb4       0x65 build/kernel/components/finsh/cmd.o
 *fill*         0x000000008000e019        0x3 
 .rodata.list_mutex.str1.4
                0x000000008000e01c       0x63 build/kernel/components/finsh/cmd.o
 *fill*         0x000000008000e07f        0x1 
 .rodata.list_prefix.str1.4
                0x000000008000e080       0x28 build/kernel/components/finsh/cmd.o
 .rodata.list_sem.str1.4
                0x000000008000e0a8       0x60 build/kernel/components/finsh/cmd.o
 .rodata.list_thread.str1.4
                0x000000008000e108       0xfc build/kernel/components/finsh/cmd.o
 .rodata.list_timer.str1.4
                0x000000008000e204       0x95 build/kernel/components/finsh/cmd.o
                                         0x9d (size before relaxing)
 *fill*         0x000000008000e299        0x3 
 .rodata.name   0x000000008000e29c      0x3ea build/kernel/components/finsh/cmd.o
                0x000000008000e29c                __vsym_dummy_desc
                0x000000008000e2b8                __vsym_dummy_name
                0x000000008000e2c0                __fsym_list_desc
                0x000000008000e2dc                __fsym_list_name
                0x000000008000e2e4                __fsym___cmd_list_device_desc
                0x000000008000e2fc                __fsym___cmd_list_device_name
                0x000000008000e310                __fsym_list_device_desc
                0x000000008000e328                __fsym_list_device_name
                0x000000008000e334                __fsym___cmd_list_timer_desc
                0x000000008000e34c                __fsym___cmd_list_timer_name
                0x000000008000e360                __fsym_list_timer_desc
                0x000000008000e378                __fsym_list_timer_name
                0x000000008000e384                __fsym___cmd_list_mempool_desc
                0x000000008000e3a0                __fsym___cmd_list_mempool_name
                0x000000008000e3b4                __fsym_list_mempool_desc
                0x000000008000e3d0                __fsym_list_mempool_name
                0x000000008000e3e0                __fsym___cmd_list_msgqueue_desc
                0x000000008000e400                __fsym___cmd_list_msgqueue_name
                0x000000008000e414                __fsym_list_msgqueue_desc
                0x000000008000e434                __fsym_list_msgqueue_name
                0x000000008000e444                __fsym___cmd_list_mailbox_desc
                0x000000008000e45c                __fsym___cmd_list_mailbox_name
                0x000000008000e470                __fsym_list_mailbox_desc
                0x000000008000e488                __fsym_list_mailbox_name
                0x000000008000e498                __fsym___cmd_list_mutex_desc
                0x000000008000e4b0                __fsym___cmd_list_mutex_name
                0x000000008000e4c4                __fsym_list_mutex_desc
                0x000000008000e4dc                __fsym_list_mutex_name
                0x000000008000e4e8                __fsym___cmd_list_event_desc
                0x000000008000e500                __fsym___cmd_list_event_name
                0x000000008000e514                __fsym_list_event_desc
                0x000000008000e52c                __fsym_list_event_name
                0x000000008000e538                __fsym___cmd_list_sem_desc
                0x000000008000e554                __fsym___cmd_list_sem_name
                0x000000008000e564                __fsym_list_sem_desc
                0x000000008000e580                __fsym_list_sem_name
                0x000000008000e58c                __fsym___cmd_list_thread_desc
                0x000000008000e598                __fsym___cmd_list_thread_name
                0x000000008000e5ac                __fsym_list_thread_desc
                0x000000008000e5b8                __fsym_list_thread_name
                0x000000008000e5c4                __fsym___cmd_version_desc
                0x000000008000e5e8                __fsym___cmd_version_name
                0x000000008000e5f8                __fsym_version_desc
                0x000000008000e61c                __fsym_version_name
                0x000000008000e624                __fsym___cmd_clear_desc
                0x000000008000e640                __fsym___cmd_clear_name
                0x000000008000e64c                __fsym_clear_desc
                0x000000008000e668                __fsym_clear_name
                0x000000008000e670                __fsym_hello_desc
                0x000000008000e680                __fsym_hello_name
 *fill*         0x000000008000e686        0x2 
 .rodata.object_split.constprop.1.str1.4
                0x000000008000e688        0x2 build/kernel/components/finsh/cmd.o
 *fill*         0x000000008000e68a        0x2 
 .rodata.show_wait_queue.str1.4
                0x000000008000e68c        0x2 build/kernel/components/finsh/cmd.o
                                          0x6 (size before relaxing)
 *fill*         0x000000008000e68e        0x2 
 .rodata.str1.4
                0x000000008000e690      0x131 build/kernel/components/finsh/cmd.o
 .rodata.msh_auto_complete.str1.4
                0x000000008000e7c1        0x4 build/kernel/components/finsh/msh.o
 *fill*         0x000000008000e7c1        0x3 
 .rodata.msh_exec.str1.4
                0x000000008000e7c4       0x3c build/kernel/components/finsh/msh.o
 .rodata.msh_help.str1.4
                0x000000008000e800       0x30 build/kernel/components/finsh/msh.o
                                         0x32 (size before relaxing)
 .rodata.name   0x000000008000e830       0xc3 build/kernel/components/finsh/msh.o
                0x000000008000e830                __fsym___cmd_free_desc
                0x000000008000e858                __fsym___cmd_free_name
                0x000000008000e864                __fsym___cmd_ps_desc
                0x000000008000e880                __fsym___cmd_ps_name
                0x000000008000e88c                __fsym___cmd_help_desc
                0x000000008000e8a4                __fsym___cmd_help_name
                0x000000008000e8b0                __fsym_msh_desc
                0x000000008000e8c4                __fsym_msh_name
                0x000000008000e8c8                __fsym___cmd_exit_desc
                0x000000008000e8e8                __fsym___cmd_exit_name
 *fill*         0x000000008000e8f3        0x1 
 .rodata.finsh_type_check
                0x000000008000e8f4       0x38 build/kernel/components/finsh/finsh_compiler.o
 .rodata.finsh_compile
                0x000000008000e92c       0x6c build/kernel/components/finsh/finsh_compiler.o
 .rodata.finsh_error_string_table
                0x000000008000e998       0x3c build/kernel/components/finsh/finsh_error.o
 .rodata.str1.4
                0x000000008000e9d4       0xf2 build/kernel/components/finsh/finsh_error.o
 *fill*         0x000000008000eac6        0x2 
 .rodata.OP_call
                0x000000008000eac8       0x44 build/kernel/components/finsh/finsh_ops.o
 .rodata.op_table
                0x000000008000eb0c       0xc4 build/kernel/components/finsh/finsh_ops.o
                0x000000008000eb0c                op_table
 .rodata.proc_type
                0x000000008000ebd0       0x2c build/kernel/components/finsh/finsh_parser.o
 .rodata.proc_cast_expr
                0x000000008000ebfc       0x30 build/kernel/components/finsh/finsh_parser.o
 .rodata.finsh_name_table
                0x000000008000ec2c       0x40 build/kernel/components/finsh/finsh_token.o
 .rodata.str1.4
                0x000000008000ec6c       0x35 build/kernel/components/finsh/finsh_token.o
                                         0x3d (size before relaxing)
 *fill*         0x000000008000eca1        0x3 
 .rodata.str1.4
                0x000000008000eca4       0x10 /opt/riscv-gnu-toolchain_20171107_rv32im/lib/gcc/riscv32-unknown-elf/7.2.0/../../../../riscv32-unknown-elf/lib/libc.a(lib_a-locale.o)
                                         0x12 (size before relaxing)
 .rodata        0x000000008000ecb4      0x101 /opt/riscv-gnu-toolchain_20171107_rv32im/lib/gcc/riscv32-unknown-elf/7.2.0/../../../../riscv32-unknown-elf/lib/libc.a(lib_a-ctype_.o)
                0x000000008000ecb4                _ctype_
                0x000000008000edb8                . = ALIGN (0x4)
 *fill*         0x000000008000edb5        0x3 
                0x000000008000edb8                __rt_init_start = .
 *(SORT(.rti_fn*))
 .rti_fn.0      0x000000008000edb8        0x8 build/kernel/src/components.o
                0x000000008000edb8                __rt_init_desc_rti_start
 .rti_fn.0.end  0x000000008000edc0        0x8 build/kernel/src/components.o
                0x000000008000edc0                __rt_init_desc_rti_board_start
 .rti_fn.1.end  0x000000008000edc8        0x8 build/kernel/src/components.o
                0x000000008000edc8                __rt_init_desc_rti_board_end
 .rti_fn.3      0x000000008000edd0        0x8 build/kernel/components/drivers/src/workqueue.o
                0x000000008000edd0                __rt_init_desc_rt_work_sys_workqueue_init
 .rti_fn.4      0x000000008000edd8        0x8 build/kernel/components/libc/compilers/newlib/libc.o
                0x000000008000edd8                __rt_init_desc_libc_system_init
 .rti_fn.6      0x000000008000ede0        0x8 build/kernel/components/finsh/shell.o
                0x000000008000ede0                __rt_init_desc_finsh_system_init
 .rti_fn.6.end  0x000000008000ede8        0x8 build/kernel/src/components.o
                0x000000008000ede8                __rt_init_desc_rti_end
                0x000000008000edf0                __rt_init_end = .
                0x000000008000edf0                . = ALIGN (0x4)
                0x000000008000edf0                __fsymtab_start = .
 *(FSymTab)
 FSymTab        0x000000008000edf0        0xc build/applications/testapp.o
                0x000000008000edf0                __fsym___cmd_testapp
 FSymTab        0x000000008000edfc        0xc build/kernel/src/mem.o
                0x000000008000edfc                __fsym_list_mem
 FSymTab        0x000000008000ee08       0x30 build/kernel/components/drivers/misc/pin.o
                0x000000008000ee08                __fsym_pinGet
                0x000000008000ee14                __fsym_pinRead
                0x000000008000ee20                __fsym_pinWrite
                0x000000008000ee2c                __fsym_pinMode
 FSymTab        0x000000008000ee38      0x120 build/kernel/components/finsh/cmd.o
                0x000000008000ee38                __fsym_list
                0x000000008000ee44                __fsym___cmd_list_device
                0x000000008000ee50                __fsym_list_device
                0x000000008000ee5c                __fsym___cmd_list_timer
                0x000000008000ee68                __fsym_list_timer
                0x000000008000ee74                __fsym___cmd_list_mempool
                0x000000008000ee80                __fsym_list_mempool
                0x000000008000ee8c                __fsym___cmd_list_msgqueue
                0x000000008000ee98                __fsym_list_msgqueue
                0x000000008000eea4                __fsym___cmd_list_mailbox
                0x000000008000eeb0                __fsym_list_mailbox
                0x000000008000eebc                __fsym___cmd_list_mutex
                0x000000008000eec8                __fsym_list_mutex
                0x000000008000eed4                __fsym___cmd_list_event
                0x000000008000eee0                __fsym_list_event
                0x000000008000eeec                __fsym___cmd_list_sem
                0x000000008000eef8                __fsym_list_sem
                0x000000008000ef04                __fsym___cmd_list_thread
                0x000000008000ef10                __fsym_list_thread
                0x000000008000ef1c                __fsym___cmd_version
                0x000000008000ef28                __fsym_version
                0x000000008000ef34                __fsym___cmd_clear
                0x000000008000ef40                __fsym_clear
                0x000000008000ef4c                __fsym_hello
 FSymTab        0x000000008000ef58       0x3c build/kernel/components/finsh/msh.o
                0x000000008000ef58                __fsym___cmd_free
                0x000000008000ef64                __fsym___cmd_ps
                0x000000008000ef70                __fsym___cmd_help
                0x000000008000ef7c                __fsym_msh
                0x000000008000ef88                __fsym___cmd_exit
                0x000000008000ef94                __fsymtab_end = .
                0x000000008000ef94                . = ALIGN (0x4)
                0x000000008000ef94                __vsymtab_start = .
 *(VSymTab)
 VSymTab        0x000000008000ef94       0x10 build/kernel/components/finsh/cmd.o
                0x000000008000ef94                __vsym_dummy
                0x000000008000efa4                __vsymtab_end = .
 *(.gnu.linkonce.r.*)
                0x000000008000efa8                . = ALIGN (0x8)
 *fill*         0x000000008000efa4        0x4 
 *(.srodata.cst16)
 *(.srodata.cst8)
 *(.srodata.cst4)
 *(.srodata.cst2)
 *(.srodata .srodata.*)

.rela.dyn       0x000000008000efa8        0x0
 .rela.text.startup.main
                0x000000008000efa8        0x0 build/applications/main.o
 .rela.text.thread_a_entry
                0x000000008000efa8        0x0 build/applications/main.o
 .rela.text.thread_b_entry
                0x000000008000efa8        0x0 build/applications/main.o
 .rela.text.thread_c_entry
                0x000000008000efa8        0x0 build/applications/main.o
 .rela.text.testapp
                0x000000008000efa8        0x0 build/applications/main.o
 .rela.text.systick_config
                0x000000008000efa8        0x0 build/applications/main.o
 .rela.text.myriscvcore_control
                0x000000008000efa8        0x0 build/applications/main.o
 .rela.text.myriscvcore_configure
                0x000000008000efa8        0x0 build/applications/main.o
 .rela.text.uart_rx
                0x000000008000efa8        0x0 build/applications/main.o
 .rela.text.myriscvcore_getc
                0x000000008000efa8        0x0 build/applications/main.o
 .rela.text.myriscvcore_putc
                0x000000008000efa8        0x0 build/applications/main.o
 .rela.text.rt_hw_uart_start_rx_thread
                0x000000008000efa8        0x0 build/applications/main.o
 .rela.text.rt_hw_uart_init