Archive member included to satisfy reference by file (symbol)

/opt/riscv-gnu-toolchain_20221011_rv32im/lib/gcc/riscv32-unknown-elf/12.2.0/libgcc.a(_udivdi3.o)
                              /tmp/ccUF0AQE.o (__udivdi3)
/opt/riscv-gnu-toolchain_20221011_rv32im/lib/gcc/riscv32-unknown-elf/12.2.0/libgcc.a(_umoddi3.o)
                              /tmp/ccUF0AQE.o (__umoddi3)
/opt/riscv-gnu-toolchain_20221011_rv32im/lib/gcc/riscv32-unknown-elf/12.2.0/libgcc.a(_clz.o)
                              /opt/riscv-gnu-toolchain_20221011_rv32im/lib/gcc/riscv32-unknown-elf/12.2.0/libgcc.a(_udivdi3.o) (__clz_tab)

Memory Configuration

Name             Origin             Length             Attributes
ICCM             0x0000000080000000 0x0000000000040000 axw !rl
*default*        0x0000000000000000 0xffffffffffffffff

Linker script and memory map

LOAD /tmp/ccnLVj6C.o
LOAD /tmp/ccUF0AQE.o
LOAD /tmp/ccmLNO3E.o
LOAD /opt/riscv-gnu-toolchain_20221011_rv32im/lib/gcc/riscv32-unknown-elf/12.2.0/../../../../riscv32-unknown-elf/lib/libm.a
LOAD /opt/riscv-gnu-toolchain_20221011_rv32im/lib/gcc/riscv32-unknown-elf/12.2.0/libgcc.a
                0x0000000000008000                __stack_size = DEFINED (__stack_size)?__stack_size:0x8000

.text.init      0x0000000080000000       0xd8
 *(.text.init)
 .text.init     0x0000000080000000       0xd8 /tmp/ccnLVj6C.o
                0x0000000080000000                _start
                0x00000000800000d0                send_char
                0x00000000800000d8                . = ALIGN (0x4)

.text           0x00000000800000d8     0xd398
 *(.text.unlikely .text.unlikely.*)
 *(.text.startup .text.startup.*)
 .text.startup  0x00000000800000d8     0x1468 /tmp/ccUF0AQE.o
                0x00000000800000d8                main
 *(.text .text.*)
 .text          0x0000000080001540        0x0 /tmp/ccnLVj6C.o
 .text          0x0000000080001540     0x89e0 /tmp/ccUF0AQE.o
                0x0000000080001540                cmp_idx
                0x000000008000159c                copy_info
                0x00000000800015b0                core_list_init
                0x00000000800019d8                core_list_insert_new
                0x0000000080001a38                core_list_remove
                0x0000000080001a60                core_list_undo_remove
                0x0000000080001a80                core_list_find
                0x0000000080001ad8                core_list_reverse
                0x0000000080001b80                core_list_mergesort
                0x0000000080001db4                matrix_test
                0x0000000080004480                core_bench_matrix
                0x000000008000473c                core_init_matrix
                0x0000000080004b0c                matrix_sum
                0x0000000080004fa0                matrix_mul_const
                0x0000000080005150                matrix_add_const
                0x00000000800053a0                matrix_mul_vect
                0x00000000800055b8                matrix_mul_matrix
                0x000000008000583c                matrix_mul_matrix_bitextract
                0x0000000080005a50                core_init_state
                0x0000000080005c04                core_state_transition
                0x0000000080005f00                core_bench_state
                0x0000000080006d0c                calc_func
                0x0000000080007328                cmp_complex
                0x0000000080007f04                core_bench_list
                0x00000000800089c8                iterate
                0x0000000080008e60                get_seed_32
                0x0000000080008eb4                crcu8
                0x0000000080008ff0                crcu16
                0x0000000080009270                crcu32
                0x0000000080009784                crc16
                0x0000000080009a0c                check_data_types
                0x0000000080009a14                start_instret
                0x0000000080009aa0                stop_instret
                0x0000000080009b2c                get_instret
                0x0000000080009b50                start_branch
                0x0000000080009c48                stop_branch
                0x0000000080009d40                get_branch_hit
                0x0000000080009d64                get_branch_total
                0x0000000080009d88                start_time
                0x0000000080009e14                stop_time
                0x0000000080009ea0                get_time
                0x0000000080009ec4                time_in_secs
                0x0000000080009ee8                portable_init
                0x0000000080009ef4                portable_fini
                0x0000000080009efc                memset
 .text          0x0000000080009f20     0x2d3c /tmp/ccmLNO3E.o
                0x000000008000ca7c                _putchar
                0x000000008000cac4                printf_
                0x000000008000cb18                sprintf_
                0x000000008000cb68                snprintf_
                0x000000008000cbb4                vprintf_
                0x000000008000cbe4                vsnprintf_
                0x000000008000cc00                fctprintf
 .text          0x000000008000cc5c      0x430 /opt/riscv-gnu-toolchain_20221011_rv32im/lib/gcc/riscv32-unknown-elf/12.2.0/libgcc.a(_udivdi3.o)
                0x000000008000cc5c                __udivdi3
 .text          0x000000008000d08c      0x3e4 /opt/riscv-gnu-toolchain_20221011_rv32im/lib/gcc/riscv32-unknown-elf/12.2.0/libgcc.a(_umoddi3.o)
                0x000000008000d08c                __umoddi3
 .text          0x000000008000d470        0x0 /opt/riscv-gnu-toolchain_20221011_rv32im/lib/gcc/riscv32-unknown-elf/12.2.0/libgcc.a(_clz.o)
 *(.gnu.linkonce.t.*)
                0x000000008000d470                . = ALIGN (0x4)

.rodata         0x000000008000d470      0x740
 *(.rdata)
 *(.rodata .rodata.*)
 .rodata        0x000000008000d470       0x58 /tmp/ccUF0AQE.o
 .rodata.str1.4
                0x000000008000d4c8      0x556 /tmp/ccUF0AQE.o
 *fill*         0x000000008000da1e        0x2 
 .rodata        0x000000008000da20       0x90 /tmp/ccmLNO3E.o
 .rodata        0x000000008000dab0      0x100 /opt/riscv-gnu-toolchain_20221011_rv32im/lib/gcc/riscv32-unknown-elf/12.2.0/libgcc.a(_clz.o)
                0x000000008000dab0                __clz_tab
 *(.gnu.linkonce.r.*)
                0x000000008000dbb0                . = ALIGN (0x4)

.eh_frame       0x000000008000dbb0       0x3c
 .eh_frame      0x000000008000dbb0       0x28 /opt/riscv-gnu-toolchain_20221011_rv32im/lib/gcc/riscv32-unknown-elf/12.2.0/libgcc.a(_udivdi3.o)
 .eh_frame      0x000000008000dbd8       0x14 /opt/riscv-gnu-toolchain_20221011_rv32im/lib/gcc/riscv32-unknown-elf/12.2.0/libgcc.a(_umoddi3.o)
                                         0x28 (size before relaxing)

.rela.dyn       0x000000008000dbec        0x0
 .rela.text.init
                0x000000008000dbec        0x0 /tmp/ccnLVj6C.o

.data           0x000000008000dbec        0xc
 *(.data .data.*)
 .data          0x000000008000dbec        0x0 /tmp/ccnLVj6C.o
 .data          0x000000008000dbec        0xc /tmp/ccUF0AQE.o
                0x000000008000dbec                mem_name
 .data          0x000000008000dbf8        0x0 /tmp/ccmLNO3E.o
 .data          0x000000008000dbf8        0x0 /opt/riscv-gnu-toolchain_20221011_rv32im/lib/gcc/riscv32-unknown-elf/12.2.0/libgcc.a(_udivdi3.o)
 .data          0x000000008000dbf8        0x0 /opt/riscv-gnu-toolchain_20221011_rv32im/lib/gcc/riscv32-unknown-elf/12.2.0/libgcc.a(_umoddi3.o)
 .data          0x000000008000dbf8        0x0 /opt/riscv-gnu-toolchain_20221011_rv32im/lib/gcc/riscv32-unknown-elf/12.2.0/libgcc.a(_clz.o)
 *(.gnu.linkonce.d.*)
                0x000000008000dbf8                . = ALIGN (0x4)

.sdata          0x000000008000dbf8        0xc
                0x000000008000dbf8                . = ALIGN (0x4)
                0x000000008000e3f8                __global_pointer$ = (. + 0x800)
 *(.sdata .sdata.*)
 .sdata         0x000000008000dbf8        0xc /tmp/ccUF0AQE.o
                0x000000008000dbf8                default_num_contexts
                0x000000008000dbfc                seed4_volatile
                0x000000008000dc00                seed3_volatile
 *(.gnu.linkonce.s.*)
                0x000000008000dc04                . = ALIGN (0x4)
 *(.srodata .srodata.*)
                0x000000008000dc04                . = ALIGN (0x4)
                0x000000008000dc04                __bss_start = .

.sbss           0x000000008000dc08       0x4c
 *(.sbss .sbss.* .gnu.linkonce.sb.*)
 .sbss          0x000000008000dc08       0x4c /tmp/ccUF0AQE.o
                0x000000008000dc48                seed5_volatile
                0x000000008000dc4c                seed2_volatile
                0x000000008000dc50                seed1_volatile
 *(.scommon)
                0x000000008000dc54                . = ALIGN (0x4)

.bss            0x000000008000dc54      0x7d0
 *(.bss)
 .bss           0x000000008000dc54        0x0 /tmp/ccnLVj6C.o
 .bss           0x000000008000dc54      0x7d0 /tmp/ccUF0AQE.o
                0x000000008000dc54                static_memblk
 .bss           0x000000008000e424        0x0 /tmp/ccmLNO3E.o
 .bss           0x000000008000e424        0x0 /opt/riscv-gnu-toolchain_20221011_rv32im/lib/gcc/riscv32-unknown-elf/12.2.0/libgcc.a(_udivdi3.o)
 .bss           0x000000008000e424        0x0 /opt/riscv-gnu-toolchain_20221011_rv32im/lib/gcc/riscv32-unknown-elf/12.2.0/libgcc.a(_umoddi3.o)
 .bss           0x000000008000e424        0x0 /opt/riscv-gnu-toolchain_20221011_rv32im/lib/gcc/riscv32-unknown-elf/12.2.0/libgcc.a(_clz.o)
                0x000000008000e424                . = ALIGN (0x4)
                0x000000008000e424                _end = .

.stack          0x000000008000e424     0x8000
                0x000000008000e424                _heap_end = .
                0x0000000080016424                . = (. + __stack_size)
 *fill*         0x000000008000e424     0x8000 
                0x0000000080016424                _sp = .
                0x0000000080016424                __bss_end = .
OUTPUT(build_12_2/coremark_10_12_2.elf elf32-littleriscv)

.riscv.attributes
                0x0000000000000000       0x25
 .riscv.attributes
                0x0000000000000000       0x23 /tmp/ccnLVj6C.o
 .riscv.attributes
                0x0000000000000023       0x25 /tmp/ccUF0AQE.o
 .riscv.attributes
                0x0000000000000048       0x21 /tmp/ccmLNO3E.o
 .riscv.attributes
                0x0000000000000069       0x21 /opt/riscv-gnu-toolchain_20221011_rv32im/lib/gcc/riscv32-unknown-elf/12.2.0/libgcc.a(_udivdi3.o)
 .riscv.attributes
                0x000000000000008a       0x21 /opt/riscv-gnu-toolchain_20221011_rv32im/lib/gcc/riscv32-unknown-elf/12.2.0/libgcc.a(_umoddi3.o)
 .riscv.attributes
                0x00000000000000ab       0x21 /opt/riscv-gnu-toolchain_20221011_rv32im/lib/gcc/riscv32-unknown-elf/12.2.0/libgcc.a(_clz.o)

.comment        0x0000000000000000       0x1b
 .comment       0x0000000000000000       0x1b /tmp/ccUF0AQE.o
                                         0x1c (size before relaxing)
 .comment       0x000000000000001b       0x1c /tmp/ccmLNO3E.o
 .comment       0x000000000000001b       0x1c /opt/riscv-gnu-toolchain_20221011_rv32im/lib/gcc/riscv32-unknown-elf/12.2.0/libgcc.a(_udivdi3.o)
 .comment       0x000000000000001b       0x1c /opt/riscv-gnu-toolchain_20221011_rv32im/lib/gcc/riscv32-unknown-elf/12.2.0/libgcc.a(_umoddi3.o)
 .comment       0x000000000000001b       0x1c /opt/riscv-gnu-toolchain_20221011_rv32im/lib/gcc/riscv32-unknown-elf/12.2.0/libgcc.a(_clz.o)

.debug_line     0x0000000000000000    0x1fc5d
 .debug_line    0x0000000000000000      0x172 /tmp/ccnLVj6C.o
 .debug_line    0x0000000000000172    0x1ac79 /tmp/ccUF0AQE.o
 .debug_line    0x000000000001adeb     0x3f93 /tmp/ccmLNO3E.o
 .debug_line    0x000000000001ed7e      0x713 /opt/riscv-gnu-toolchain_20221011_rv32im/lib/gcc/riscv32-unknown-elf/12.2.0/libgcc.a(_udivdi3.o)
 .debug_line    0x000000000001f491      0x78d /opt/riscv-gnu-toolchain_20221011_rv32im/lib/gcc/riscv32-unknown-elf/12.2.0/libgcc.a(_umoddi3.o)
 .debug_line    0x000000000001fc1e       0x3f /opt/riscv-gnu-toolchain_20221011_rv32im/lib/gcc/riscv32-unknown-elf/12.2.0/libgcc.a(_clz.o)

.debug_line_str
                0x0000000000000000      0x2df
 .debug_line_str
                0x0000000000000000       0x50 /tmp/ccnLVj6C.o
 .debug_line_str
                0x0000000000000050       0x74 /tmp/ccUF0AQE.o
                                        0x110 (size before relaxing)
 .debug_line_str
                0x00000000000000c4       0xc5 /tmp/ccmLNO3E.o
                                        0x1c2 (size before relaxing)
 .debug_line_str
                0x0000000000000189      0x156 /opt/riscv-gnu-toolchain_20221011_rv32im/lib/gcc/riscv32-unknown-elf/12.2.0/libgcc.a(_udivdi3.o)
                                        0x1f2 (size before relaxing)
 .debug_line_str
                0x00000000000002df      0x1f2 /opt/riscv-gnu-toolchain_20221011_rv32im/lib/gcc/riscv32-unknown-elf/12.2.0/libgcc.a(_umoddi3.o)
 .debug_line_str
                0x00000000000002df      0x1f2 /opt/riscv-gnu-toolchain_20221011_rv32im/lib/gcc/riscv32-unknown-elf/12.2.0/libgcc.a(_clz.o)

.debug_info     0x0000000000000000     0x76c7
 .debug_info    0x0000000000000000       0x25 /tmp/ccnLVj6C.o
 .debug_info    0x0000000000000025     0x460b /tmp/ccUF0AQE.o
 .debug_info    0x0000000000004630     0x20aa /tmp/ccmLNO3E.o
 .debug_info    0x00000000000066da      0x761 /opt/riscv-gnu-toolchain_20221011_rv32im/lib/gcc/riscv32-unknown-elf/12.2.0/libgcc.a(_udivdi3.o)
 .debug_info    0x0000000000006e3b      0x7b4 /opt/riscv-gnu-toolchain_20221011_rv32im/lib/gcc/riscv32-unknown-elf/12.2.0/libgcc.a(_umoddi3.o)
 .debug_info    0x00000000000075ef       0xd8 /opt/riscv-gnu-toolchain_20221011_rv32im/lib/gcc/riscv32-unknown-elf/12.2.0/libgcc.a(_clz.o)

.debug_abbrev   0x0000000000000000      0xc00
 .debug_abbrev  0x0000000000000000       0x14 /tmp/ccnLVj6C.o
 .debug_abbrev  0x0000000000000014      0x443 /tmp/ccUF0AQE.o
 .debug_abbrev  0x0000000000000457      0x3e9 /tmp/ccmLNO3E.o
 .debug_abbrev  0x0000000000000840      0x1a6 /opt/riscv-gnu-toolchain_20221011_rv32im/lib/gcc/riscv32-unknown-elf/12.2.0/libgcc.a(_udivdi3.o)
 .debug_abbrev  0x00000000000009e6      0x1aa /opt/riscv-gnu-toolchain_20221011_rv32im/lib/gcc/riscv32-unknown-elf/12.2.0/libgcc.a(_umoddi3.o)
 .debug_abbrev  0x0000000000000b90       0x70 /opt/riscv-gnu-toolchain_20221011_rv32im/lib/gcc/riscv32-unknown-elf/12.2.0/libgcc.a(_clz.o)

.debug_aranges  0x0000000000000000       0xc0
 .debug_aranges
                0x0000000000000000       0x20 /tmp/ccnLVj6C.o
 .debug_aranges
                0x0000000000000020       0x28 /tmp/ccUF0AQE.o
 .debug_aranges
                0x0000000000000048       0x20 /tmp/ccmLNO3E.o
 .debug_aranges
                0x0000000000000068       0x20 /opt/riscv-gnu-toolchain_20221011_rv32im/lib/gcc/riscv32-unknown-elf/12.2.0/libgcc.a(_udivdi3.o)
 .debug_aranges
                0x0000000000000088       0x20 /opt/riscv-gnu-toolchain_20221011_rv32im/lib/gcc/riscv32-unknown-elf/12.2.0/libgcc.a(_umoddi3.o)
 .debug_aranges
                0x00000000000000a8       0x18 /opt/riscv-gnu-toolchain_20221011_rv32im/lib/gcc/riscv32-unknown-elf/12.2.0/libgcc.a(_clz.o)

.debug_str      0x0000000000000000      0xcd4
 .debug_str     0x0000000000000000       0x5c /tmp/ccnLVj6C.o
 .debug_str     0x000000000000005c      0x8c9 /tmp/ccUF0AQE.o
                                        0x960 (size before relaxing)
 .debug_str     0x0000000000000925      0x171 /tmp/ccmLNO3E.o
                                        0x2bf (size before relaxing)
 .debug_str     0x0000000000000a96      0x18e /opt/riscv-gnu-toolchain_20221011_rv32im/lib/gcc/riscv32-unknown-elf/12.2.0/libgcc.a(_udivdi3.o)
                                        0x248 (size before relaxing)
 .debug_str     0x0000000000000c24      0x248 /opt/riscv-gnu-toolchain_20221011_rv32im/lib/gcc/riscv32-unknown-elf/12.2.0/libgcc.a(_umoddi3.o)
 .debug_str     0x0000000000000c24       0xb0 /opt/riscv-gnu-toolchain_20221011_rv32im/lib/gcc/riscv32-unknown-elf/12.2.0/libgcc.a(_clz.o)
                                        0x195 (size before relaxing)

.debug_loclists
                0x0000000000000000    0x10c08
 .debug_loclists
                0x0000000000000000     0xca43 /tmp/ccUF0AQE.o
 .debug_loclists
                0x000000000000ca43     0x2f5c /tmp/ccmLNO3E.o
 .debug_loclists
                0x000000000000f99f      0xa4c /opt/riscv-gnu-toolchain_20221011_rv32im/lib/gcc/riscv32-unknown-elf/12.2.0/libgcc.a(_udivdi3.o)
 .debug_loclists
                0x00000000000103eb      0x81d /opt/riscv-gnu-toolchain_20221011_rv32im/lib/gcc/riscv32-unknown-elf/12.2.0/libgcc.a(_umoddi3.o)

.debug_rnglists
                0x0000000000000000     0x1872
 .debug_rnglists
                0x0000000000000000      0xf39 /tmp/ccUF0AQE.o
 .debug_rnglists
                0x0000000000000f39      0x77c /tmp/ccmLNO3E.o
 .debug_rnglists
                0x00000000000016b5      0x111 /opt/riscv-gnu-toolchain_20221011_rv32im/lib/gcc/riscv32-unknown-elf/12.2.0/libgcc.a(_udivdi3.o)
 .debug_rnglists
                0x00000000000017c6       0xac /opt/riscv-gnu-toolchain_20221011_rv32im/lib/gcc/riscv32-unknown-elf/12.2.0/libgcc.a(_umoddi3.o)

.debug_frame    0x0000000000000000      0x7a8
 .debug_frame   0x0000000000000000      0x5cc /tmp/ccUF0AQE.o
 .debug_frame   0x00000000000005cc      0x1dc /tmp/ccmLNO3E.o
